CSlideBoundsChecker:fc
ft_div64by32:Qq
c_oSer_ChartLegendLayoutType$Y:Om
c_oSer_ChartLegendLayoutType$W:Km
c_oSer_ChartLegendLayoutType$X:Mm
T1_GlyphSlotRec:PC
CTableCell:Hk
cff_field_handlers:oB
PreResizeInGroup:TI
JSCompiler_StaticMethods_getCursorTypeByNum:lJ
c_oSer_ChartLegendLayoutType$H:Em
FT_Bitmap:sr
ThemeElements:Ij
Y_Bottom_Margin:RH
sfnt_init_face:px
MobileTouchMode$Scroll:H8
para_HyperlinkEnd:Lc
JSCompiler_StaticMethods_Set_RFonts_CS:qT
c_oSer_MathPrType$IntraSp:U2
Numbering_Number_To_Alpha:VV
numbering_presentationnumfrmt_RomanUcPeriod:Za
dropcap_Drop:tS
docpostype_DrawingObjects:Pb
historyitem_SetMainGroup:sL
historyitem_type_TextPr:jQ
c_oAscWrapStyle2$Square:bU
JSCompiler_StaticMethods_ParseW:V6
JSCompiler_StaticMethods_Can_RecalcObject:AU
historyitem_AutoShapes_SetTextPaddings:gL
g_mouse_event_type_up:gV
ParagraphContent_Read_FromBinary:vU
JSCompiler_returnArg:aa
AscBrowser$isChrome:ja
copyPasteUseBinery:ya
TT_Get_VMetrics:mA
GetUploadIFrame:nh
JSCompiler_StaticMethods_Set_GraphicObject:df
JSCompiler_StaticMethods_Set_Type_0_Spell:eg
JSCompiler_StaticMethods_IsEmpty:hg
CContentChanges:eR
JSCompiler_StaticMethods_setDocContent:rd
c_oSerDocTableType$Row:O0
asc_CSelectedObject:Bp
JSCompiler_StaticMethods__ValueToMm:Jd
i:Xw
c_oSer_OMathBottomNodesType$Shp:k4
g_nErrorCharCount:o6
CStatistics:DW
c_oSerImageType2$ChartImg:M1
c_oAscChartType$stock:no
CFont:vd
MoveTrackShape:vL
g_mouse_event_type_move:ZW
fontstyle_mask_italic:BE
EHint$hintCs:k6
Editor_Copy_Button:Fa
JSCompiler_StaticMethods_addHeader:jF
c_oAscHAnchor$Margin:PW
para_HyperlinkStart:ub
JSCompiler_StaticMethods_setFillStyle:Ao
MasterSlide:Oi
tblwidth_Mm:yc
asc_CParagraphBorders:Op
__gray_convert_glyph:Sx
SignType$Positive:Oh
GetMinSnapDistanceYObject:FJ
GenerateDefaultTheme:Ni
c_oSerPosHV$Align:U1
JSCompiler_StaticMethods_Internal_Check_EmptyHyperlink:aV
tt_face_free_name:qv
JSCompiler_StaticMethods_Update_TableMarkupFromRuler:NY
JSCompiler_StaticMethods_Set_DStrikeout:jT
EChartBarGrouping$chartbargroupingStandard:co
STATES_ID_PRE_CH_ADJ_IN_GROUP:NF
JSCompiler_StaticMethods_setStartTrackPos:gH
check_table_dir:iv
oDecodeGeneralFormatCache:si
JSCompiler_StaticMethods_Set_Underline:cT
PS_ParserRec:Pu
BinaryPPTYLoader:xd
wrap_Around:vS
Move_CVT:Tz
JSCompiler_alias_NULL:q
c_oSerDocTableType$Row_Pr:P0
BinaryStyleTableReader:iaa
c_oSer_ChartType$Legend:om
historyitem_AddDocContent:$K
CFontCharMap:oaa
ScrollOverType$NONE:e9
c_oSer_OMathContentType$MRun:n5
TYPE_TRACK_SHAPE:SF
c_oSer_OMathBottomNodesType$AlnScr:E3
JSCompiler_StaticMethods_Cell_Split:pX
CTrackRotateObject:wI
JSCompiler_StaticMethods_checkColor:WD
STATES_ID_PRE_CHANGE_WRAP_CONTOUR:WF
c_oSer_MathPrType$MathFont:W2
ps_parser_to_token_array:tu
asc_CShapeProperty:Hp
c_oSer_MathPrType$LMargin:V2
c_oAscError$ID$Unknown:C9
BinaryNumberingTableWriter:t6
nSldLtTChart:pN
opcode_length:Ey
CHyperlink:gk
JSCompiler_StaticMethods_Init_Default_DropCap:yS
JSCompiler_StaticMethods_Set_VMerge:Nd
JSCompiler_StaticMethods_Add_ToDocument:fH
ft_outline_glyph_transform:ir
FT_TT_CMAP_CLASSES_GET:sx
cCharDelimiter:J$
c_oSerProp_pPrType$FramePr:U_
c_oSerProp_pPrType$KeepNext:z_
JSCompiler_alias_FALSE:s
JSCompiler_StaticMethods__ExecuteTableRowPresentation:Ld
STATES_ID_SPLINE_BEZIER4:kI
c_oAscError$ID$FileVKey:$aa
ps_unicodes_init:lt
STATES_ID_SPLINE_BEZIER5:lI
STATES_ID_SPLINE_BEZIER2:iI
STATES_ID_SPLINE_BEZIER3:jI
historyitem_AddHdr:LH
AscBrowser$isSafariMacOs:ea
recalcresult2_End:jL
SpellCheck_CallBack:g7
historyitem_AutoShapes_AddYAxis:sP
monthShort:Sh
JSCompiler_StaticMethods_recalcAllTitles:jP
MobileTouchMode$Cursor:L8
tt_cmap14_ensure:Hw
cff_decoder_parse_charstrings:lC
JSCompiler_StaticMethods__Execute:jd
c_oAscAlignH$Outside:AT
Write_CVT_Stretched:Pz
EChartAxPos$chartaxposLeft:Bn
_rect:j7
JSCompiler_StaticMethods_Read_CellPr:P6
c_oSer_OMathBottomNodesType$ZeroAsc:v4
CellValueType:sg
JSCompiler_StaticMethods__calsScientific:ri
JSCompiler_StaticMethods_getArrayPolygons:CL
CMatrixL:SK
historyitem_Comment_TypeInfo:kR
JSCompiler_StaticMethods__MouseHoverOnScroller:m9
c_oSer_OMathContentType$LimLow:Y4
JSCompiler_StaticMethods__StartExecuteTable:Ze
c_oSerImageType2$AllowOverlap:r1
c_oAscError$ID$ConvertationError:Xaa
CChatMessage:g$
T1_Get_Private_Dict:OC
PreMoveState:GI
nSldLtTTwoObjAndObj:HN
c_oSerHdrFtrTypes$HdrFtr_Odd:mZ
c_oSer_OMathBottomNodesType$Type:t4
vmerge_Restart:ck
c_oAscChartStyle$Standart:mp
CGraphicObjects:aF
highlight_None:Oc
JSCompiler_StaticMethods_DeleteThis:DS
tt_cmap4_char_next:mw
rx_test_ws_name:uh
MIN_SHAPE_SIZE_DIV2:mK
JSCompiler_alias_TRUE:m
parserHelper:wh
JSCompiler_StaticMethods_Set_TableW:bY
tt_face_load_font_dir:jv
FT_PEEK_USHORT_LE:Eq
EChartBasicTypes$chartbasicRadarChart:Rn
c_oSerBordersType$insideV:Xl
JSCompiler_StaticMethods_Internal_CompareBorders:hY
c_oAscFillGradType$GRAD_LINEAR:J9
JSCompiler_StaticMethods_initDefault:xp
FT_Service_TTCMapsRec:pq
Current_Ppem:Cz
JSCompiler_StaticMethods_Get_AllTableStyles:bS
JSCompiler_set:v
CBulletSize:ok
FT_CMap_ClassRec:Ps
NvPr:PM
historyitem_type_DocumentContent:wQ
OverlayObject:nK
JSCompiler_StaticMethods_Internal_Set_TableBorder:VY
table_Selection_Text:$b
JSCompiler_StaticMethods_getID:km
c_oAscError$ID$UserCountExceed:gba
tt_face_lookup_table:hv
JSCompiler_StaticMethods_setChartBinary:kP
JSCompiler_StaticMethods_Internal_IncDecFontSize:KV
c_oSerWrapThroughTight$WrapPolygon:g2
numbering_lvltext_Text:TV
g_dKoef_pc_to_mm:Uf
comments_NonActiveComment:nR
c_oSer_ChartSeriesMarkerType$Size:qn
JSCompiler_StaticMethods_Create_Table_Lined:SR
EquatingOutline:ys
JSCompiler_StaticMethods_Set_Lvl_Bullet:eW
asc_CImageSize:Jp
search_HdrFtr_Even:yW
c_oSerProp_rPrType$DStrikeout:j0
c_oSer_OMathContentType$FPr:T4
JSCompiler_StaticMethods_IncDec_FontSize:JV
JSCompiler_StaticMethods_updateChartImage:SL
T1_Face_Done:VC
c_oSer_ChartSeriesDataLabelsType$ShowCatName:un
c_oAscFileType$PDF:A9
c_oAscAlignH$Center:yT
c_oAscFillBlipType$TILE:M9
PS_Conv_ToInt:Kt
AFM_ValueRec:Mt
CShapeDrawer:iK
c_oSer_OMathBottomNodesType$Sty:p4
JSCompiler_StaticMethods_Is_TableMargins:QX
tt_name_entry_ascii_from_other:ox
c_oAscRelativeFromV$Paragraph:VT
AscBrowser$userAgent:ba
g_dKoef_mm_to_pix:Gb
c_oSerBordersType$insideH:Yl
cff_index_get_sid_string:AB
PS_Conv_ToFixed:Lt
align_Justify:jb
JSCompiler_StaticMethods_Set_CellSpacing:Rd
StartTrackTextRect:wJ
DRAWING_ARRAY_TYPE_WRAPPING:PG
ft_qsort:it
JSCompiler_StaticMethods_Remove_FromDocument:mG
PS_Conv_Strtol:Jt
tableSpacingMinValue:Qd
SHAPE_ASPECTS:uJ
c_oSerProp_rPrType$Position:m0
EWmlColorSchemeIndex$wmlcolorschemeindexFollowedHyperlink:g6
comments_NoComment:mR
T1_FieldRec:Lu
para_InlineBreak:NP
ClrMap:vj
GroupState:qH
Project_y:Ly
Project_x:Ky
FT_Error:wq
SplineBezierState:zG
JSCompiler_StaticMethods_Send:FW
JSCompiler_StaticMethods_Document_Undo:WQ
sfnt_done_face:vx
gray_render_scanline:Ox
ps_get_standard_strings:pt
JSCompiler_StaticMethods_isRect:DK
JSCompiler_StaticMethods_getRow0:lm
JSCompiler_StaticMethods_Set_Borders:xf
JSCompiler_StaticMethods_Is_NBSP:ZS
T1_EncodingRec:zt
afm_key_table:St
FT_New_Size:sD
nVertTThorz:to
Current_Ratio:Dz
c_oSerProp_secPrType$setting:y0
Direct_Move:Oy
getMaxValueArray:hp
JSCompiler_StaticMethods_getMousePosition:j9
JSCompiler_StaticMethods_Set_Hidden:WR
Binary_CommonReader:fm
FT_Vector_Length:Hx
c_oAscTableLayout$Fixed:XX
JSCompiler_StaticMethods_CopyPresentationText:Zb
JSCompiler_StaticMethods__Add_NewParagraph:hf
PreResizeState:vI
PS_Table_FuncsRec:Ju
historyitem_type_TableRow:tQ
dublicate_bbox:xs
X_Right_Margin:Db
tt_cmap6_char_next:ow
historyitem_SetRasterImage2:TL
tt_cmap12_char_next:yw
Load_SBit_Image:Vv
g_anchor_bottom:S8
_ph_summ__two_col_tx:sO
c_oSer_pgMarType$Header:x2
NumComporationOperators$less:ai
c_oMainTables$ImageMap:al
nVertTTvert:ik
ScrollArrowType$ARROW_RIGHT:b9
FT_GlyphLoader_New:Cr
c_oSer_OMathBottomNodesType$DegHide:N3
asc_CChartLegend:rp
SLIDE_KIND:tM
CComments:pR
CLineInfo:a9
BULLET_TYPE_COLOR_NONE:fl
FT_CFF_CMAP_ENCODING_CLASS_REC_GET:WB
align_Left:fb
JSCompiler_StaticMethods_getMajorParaDrawing:mH
FT_Common:fq
phType_media:YM
JSCompiler_StaticMethods_Write_tblpPr2:caa
phType_tbl:cN
c_oAscChartSubType$normal:oo
c_oSerPropLenType$Three:Gl
tt_face_load_gasp:Bv
JSCompiler_StaticMethods_AddPathCommand:S
ft_smooth_init:Wx
historyitem_AutoShapes_AddChart:uP
JSCompiler_StaticMethods__Prepeare_recursive:Vf
JSCompiler_StaticMethods_removeObjectFromArrGraphicObjects:kG
c_oAscRelativeFromV$OutsideMargin:MT
CXfrm:Kj
JSCompiler_StaticMethods_Is_ExtendDocumentToPos:xR
afm_parse_kern_data:$t
CPresentationBullet:Pf
cff_font_load:HB
ft_var_readpackedpoints:dA
CalculateGuideLst:VO
FT_Outline_Check:Vs
Ins_SxVTL:Gy
CTheme:Hj
c_oAscVAnchor$Page:MW
JSCompiler_StaticMethods_ReadCellMargins:T6
STATES_ID_CHART_GROUP:aG
JSCompiler_StaticMethods_AddRectDash:r7
CNvPr:OM
c_oAscAsyncAction$PrepareToSave:z9
JSCompiler_StaticMethods_Set_TableAlign:de
gr_state_state:T7
tt_face_set_sbit_strike:Pv
ParaInlineBreak:WP
Numbering_Number_To_Roman:WV
phType_dgm:UM
asc_CParagraphSpacing:Np
selected_None:KW
sfnt_service_glyph_dict:gx
JSCompiler_StaticMethods_HSL2RGB:DM
JSCompiler_StaticMethods_Get_LvlByStyle:dS
JSCompiler_StaticMethods_Col_Remove:nX
tt_face_get_ps_name:Jv
FT_Add64:Sq
rgRows:qh
JSCompiler_StaticMethods_fromShape2:jK
JSCompiler_StaticMethods_getSelectedElementsInfo:iH
nSldLtTTxAndTwoObj:PN
check_KeyboardEvent2:A8
TT_Postscript:ns
JSCompiler_StaticMethods_documentIsSelectionLocked:uH
c_oSer_OMathBottomNodesType$NoBreak:$3
c_oSer_OMathBottomNodesType$OpEmu:c4
ShapeToImageConverter:aL
SectPr:SV
t1_get_index:BC
historyitem_GroupRecalculate:jG
c_oSerConstants$ErrorUnknown:zl
STATES_ID_MOVE_INLINE_OBJECT:xF
asc_CParagraphInd:Mp
c_oSerProp_rPrType$HighLight:f0
NumComporationOperators$equal:Zh
FT_Load_Glyph:DD
CDocumentShd:Gd
t1_cmap_standard_class_rec:eu
EWmlColorSchemeIndex$wmlcolorschemeindexLight2:j6
EWmlColorSchemeIndex$wmlcolorschemeindexLight1:i6
tt_service_truetype_engine:wA
CImage:JE
PreChangeWrapContour:PJ
phType_dt:VM
c_oSer_OMathContentType$AccPr:C4
CellFormat:Bi
JSCompiler_StaticMethods_Read_tblpPr2:maa
tt_face_vary_cvt:kA
c_oAscCollaborativeMarksShowType$All:hba
SplineBezierState5:aK
SplineBezierState4:$J
SplineBezierState3:YJ
SplineBezierState2:XJ
JSCompiler_StaticMethods_drawStrokeFillStyle:O7
c_oAscRelativeFromH$InsideMargin:ET
Move_Zp2_Point:hz
JSCompiler_StaticMethods_setSimplePos:lU
c_oAscServerError$ConvertDownload:Tg
APPROXIMATE_EPSILON2:AK
c_oSer_OMathBottomNodesType$VertJc:u4
JSCompiler_StaticMethods_CheckFontLoadStyles:GE
APPROXIMATE_EPSILON3:CK
changestype_Table_Properties:ZQ
TTC_HeaderRec:Sr
CNumbering:JP
JSCompiler_StaticMethods_Is_CurrentElementTable:VK
c_oSerProp_pPrType$Spacing_After:F_
BULLET_TYPE_SIZE_NONE:hl
c_oSerOtherTableTypes$EmbeddedFonts:PZ
CArrowDrawer:Raa
cff_builder_add_point1:gC
g_mouse_event_type_down:bX
c_oMainTables$Presentation:Qk
ETblStyleOverrideType$tblstyleoverridetypeLastRow:T5
MATRIX_ORDER_PREPEND:zL
TT_CMapInfo:oq
EChartBasicTypes$chartbasicArea3DChart:Un
JSCompiler_StaticMethods__parseCss:Vd
tt_cmap13_init:Aw
CLvlText_Num:YV
t1_builder_add_contour:Du
c_oSerDocTableType$tblPr:K0
c_oSerProp_rPrType$FontAscii:Z_
JSCompiler_StaticMethods_is3DRef:Ah
cff_parse_integer:hB
JSCompiler_StaticMethods_Internal_Remove_CollaborativeMarks:ZU
c_oAscMouseMoveDataTypes$LockedObject:GS
CreateAscStroke:U$
FlowImage:rQ
c_oSer_OMathBottomNodesType$HideLeft:S3
numbering_numfmt_LowerRoman:Ra
CContentChangesElement:dR
CHorRuler:Jaa
changestype_HdrFtr:$Q
numbering_lvltext_Num:UV
changestype_ColorScheme:qF
AddPolyLine2State2:dK
AddPolyLine2State3:eK
cff_charset_compute_cids:CB
c_oSer_OMathBottomNodesType$McJc:Z3
tt_face_load_os2:sv
AscBrowser$isMozilla:pa
StyleRef:Fj
JSCompiler_StaticMethods_CopyPresentationTableCells:bc
Binary_DocumentTableReader:J6
check_MouseMoveEvent:B8
PreChangeAdjInGroup:OI
JSCompiler_StaticMethods_Set_Lang:nT
c_oSerProp_pPrType$Spacing:B_
CFF_SizeRec:MB
TT_Set_CodeRange:zy
JSCompiler_StaticMethods_getNormalPoint:Q7
c_oSer_OMathArgNodesType$FName:G5
cff_size_select:QB
FT_GlyphSlot:Ks
JSCompiler_StaticMethods_Internal_UpdateCurPos:MV
CParagraphProp:s8
c_oSer_ChartSeriesDataLabelsType$ShowVal:sn
ft_extra_glyph_names:kt
PARRUN_TYPE_FLD:Kk
FONT_TYPE_ADDITIONAL:wE
c_oSerNumTypes$StyleLink:MZ
JSCompiler_StaticMethods_Is_Empty:Cd
c_oSerNumTypes$AbstractNum_Lvls:tZ
cff_get_kerning:nC
BinaryStyleTableWriter:u6
c_oSerHdrFtrTypes$HdrFtr_First:kZ
c_oSer_ChartType$Title:pm
Ins_SFVTCA:lz
FONT_TYPE_EMBEDDED:yE
search_HdrFtr_Odd_no_First:AW
CRasterHeapTotal:bE
button_eventHandlers:F8
JSCompiler_StaticMethods_shapeApply:zH
c_oAscTableSelectionType$Table:sY
c_oSerNumTypes$lvl_Suff:DZ
JSCompiler_StaticMethods_Set_RStyle:iT
ScrollObject:X8
numbering_presentationnumfrmt_AlphaUcPeriod:db
GetHatchBrush:M7
nSldLtTObjOnly:yN
c_oSer_OMathContentType$MRPr:q5
sendCommand:gd
CHeaderProp:Y9
JSCompiler_StaticMethods_Set_CurPosXY:FX
c_oSer_OMathContentType$Column:A5
JSCompiler_StaticMethods_TurnOff:pc
STATES_ID_PRE_RESIZE_GROUPED:IF
ps_parser_to_token:su
sfnt_services:lx
JSCompiler_StaticMethods_Is_InnerTable:qX
JSCompiler_StaticMethods_Create_Default_Numbered:iW
c_oSer_OMathBottomNodesType$Show:j4
JSCompiler_StaticMethods_Numbering_Add:Nf
c_oAscColor$COLOR_TYPE_SCHEME:F9
type_Paragraph:tc
handleFloatShapeImageCursorType:UI
tt_size_init:IA
c_oAscHAnchor$PageInternal:IX
CAscColorScheme:r8
TT_NameTableRec:Xr
FORMULA_TYPE_MULT_DIV:DO
handleInlineShapeImage:HI
Ins_MDAP:qz
c_oSer_ChartSeriesNumCacheType$NumCache:wn
tab_Clear:qS
TGlyphBitmap:OD
MobileTouchMode$FlowObj:K8
Round_To_Double_Grid:$y
CStyle:Vi
CTrackWrapPolygon:RJ
c_oSer_OMathContentType$OMathPara:j5
STATES_ID_ROTATE_IN_GROUP2:PF
TT_Save_Context:Cy
tt_cmap_classes:jx
_weight_body:UN
g_aSpecialSymbols:US
pararecalc_0_Spell_All:fg
tt_cmap8_char_next:qw
g_clr_hlink:Mk
JSCompiler_StaticMethods_Recalc_CompiledPr2:vY
search_HdrFtr_All_no_First:wW
ScrollOverType$OVER:f9
asc_CPaddings:Ip
FontCollection:iN
Ins_Goto_CodeRange:ez
tt_face_load_strike_metrics:Rv
cff_index_access_element:yB
EChartBasicTypes$chartbasicLineChart:Ln
_ph_multiplier:eO
c_oSerDocTableType$Cell_Content:T0
t1_cmap_custom_class_rec:gu
CLvlText_Text:XV
c_oSerNumTypes$Num:HZ
historyitem_AutoShapes_AddXAxis:rP
tt_cmap14_variants:Rw
JSCompiler_StaticMethods_selectById:JG
c_oSerConstants$ReadUnknown:Bl
AscBrowser$isOpera:la
Normalize:Hy
_downloadAs:s$
TT_VecLen:Iy
BULLET_TYPE_SIZE_PCT:jl
nOTOwerflow:AO
sendTrack:c$
asc_CChartAxisX:pp
asc_CChartAxisY:qp
c_oSer_OMathContentType$PhantPr:m5
CorrectUniFill:mL
CalculateAhPolarList:YO
c_oSer_StyleType$Numbering:J2
asc_CTextBorder:Up
c_oSerProp_secPrSettingsType$EvenAndOddHeaders:A0
RULER_OBJECT_TYPE_TABLE:m8
JSCompiler_StaticMethods_Get_Margins:EX
COPY_ELEMENT_ID:ua
historyitem_AutoShapes_RecalculateAfterResize:fF
t1_builder_check_points:Au
JSCompiler_StaticMethods_WriteW:I6
CListType:V9
FT_NEXT_UOFF3:Gq
c_oSer_BasicChartType$DataLabels:en
c_oSerNumTypes$lvl_LvlTextItemNum:AZ
c_oSer_OMathBottomNodesType$Grow:Q3
tt_size_done:KA
tt_service_get_cmap_info:ix
GraphEdge:zK
DrawLineChart:cp
TT_CMap4Rec:fw
skip_procedure:pu
vmerge_Continue:lc
_table_styles:e8
JSCompiler_StaticMethods_getHdrFtrObjectsByPageIndex:AF
c_oSer_ChartSeriesMarkerType$Symbol:rn
global_hatch_brushes:J7
numFormat_MonthMinute:Mh
CompareShapeProperties:IH
tt_face_load_kern:fv
JSCompiler_StaticMethods_getSelectionState:oH
changestype_None:vJ
TT_Set_MM_Blend:iA
asc_CSpellCheckProperty:H$
TBBox:oE
c_oSer_sts$Style_semiHidden:g_
JSCompiler_StaticMethods_Set_WrappingType:bH
historyitem_ChangeLine:nL
JSCompiler_StaticMethods_Set_DocumentOrientation:xX
historyitem_RemoveFromArrGraphicObj:dM
c_oAscChartType$pie:mo
nSldLtTTwoColTx:FN
FILL_TYPE_SOLID:rj
i$$inline_1380:LE
JSCompiler_StaticMethods_Set_GridSpan:Pd
ResizeInGroup:IJ
TT_DotFix14:Uy
FILL_TYPE_GRAD:mj
JSCompiler_StaticMethods__arrowDownMouseDown:Taa
c_oSerPaddingType$bottom:em
JSCompiler_StaticMethods__Prepeare:hd
TT_BDFRec:fs
FORMULA_TYPE_MAX:LO
getMaxPropertiesText:Go
c_oAscServerError$TaskResult:Kg
ps_unicodes_char_index:mt
compare_uni_maps:ht
c_oSer_ClrSchemeMappingType$Bg1:j3
cff_expertsubset_charset:rB
c_oSer_ClrSchemeMappingType$Bg2:k3
FT_NEXT_BYTE:Aq
JSCompiler_StaticMethods_Internal_Get_SelectionArray:wY
c_oSerImageType2$RelativeHeight:z1
TT_SBit_StrikeRec:ds
ft_module_get_service:tq
c_oAscAlignV$Bottom:NT
c_oSerPaddingType$top:cm
JSCompiler_StaticMethods_Document_AddPageNum:wX
CAscTexture:f$
c_oAscVertAlignJc$Center:TX
MobileTouchMode$Zoom:I8
JSCompiler_StaticMethods_Internal_Check_TableRows:lY
historyitem_type_TableId:GQ
c_oAscRelativeFromH$OutsideMargin:GT
Window_OnMouseUp:D8
ParaSpace:Ce
c_oSerProp_secPrType$pgMar:x0
EChartBasicTypes$chartbasicLine3DChart:Mn
historyitem_SwapGrObject:nG
Round_Super:az
numbering_presentationnumfrmt_RomanLcPeriod:Ya
CFF_PrivateRec:aB
Editor_Paste_GetElem:Rc
c_oSer_FramePrType$VAnchor:v3
_ph_summ__title_only:rO
WRAPPING_TYPE_NONE:ZG
JSCompiler_StaticMethods_Col_Add:lX
c_oAscServerError$ConvertUnknownFormat:Ug
JSCompiler_StaticMethods_setType:Bj
c_oAscRelativeFromH$Page:IT
JSCompiler_StaticMethods_Set_DrawingType:$G
global_SubpixHintingHacks:Wz
documentId:ed
c_oSer_OMathBottomNodesValType$Val:z4
RULER_OBJECT_TYPE_HEADER:o8
g_sUploadServiceLocalUrl:Ag
AFM_FontInfoRec:Dt
c_oSerImageType2$PptxData:q1
c_oMainTables$TableStyles:Sk
NumFormat:pi
CPageMeta:Y8
JSCompiler_StaticMethods_Set_TableBorder_Right:oe
ObjectForShapeDrawer:hK
PreMoveInlineObject:AI
Page_Width:Cb
CTextParagraphPr:lk
c_oSer_MathPrType$BrkBinSub:P2
c_oSerFormat$Version:XY
JSCompiler_StaticMethods_Internal_Get_FrameParagraphs:WU
Common_CopyObj:Qe
CAbstractNum:CQ
FT_Module_Class:Us
c_oAscFill$FILL_TYPE_BLIP:G9
EChartBasicTypes$chartbasicSurface3DChart:Xn
c_oAscAsyncAction$Save:x9
ft_glyphslot_done:Ys
generateColors:Qo
EChartLegendPos$chartlegendposRightTop:In
JSCompiler_StaticMethods_GetNewMargin:S6
CLASS_TYPE_CHART_DATA:tp
STATES_ID_TRACK_TEXT_RECT:oI
c_oSer_OMathContentType$ArgPr:D4
CAscShapeProp:D$
numFormat_Scientific:Eh
TrackNewShape:tJ
c_oSerProp_pPrType$pPr_rPr:Q_
c_oSerParType$Par:B0
TT_SBit_MetricsRec:as
c_oSerPosHV$PosOffset:V1
JSCompiler_StaticMethods_Internal_Draw_1_:mY
m_bands:Tx
c_oSerProp_rPrType$BoldCs:o0
JSCompiler_StaticMethods_Set_Italic:aT
COLOR_TYPE_SRGB:dj
c_oAscServerError$Unknown:Hg
StartTrackNewShape:pJ
c_oSerWrapPolygon$ALineTo:m2
tt_cmap0_char_index:aw
Ins_MDRP:Lz
CCMapIndex:GD
tt_face_load_hhea:Dv
FT_PEEK_ULONG_LE:Iq
tbllayout_Fixed:ce
CTextFit:jk
CreateControl:U8
JSCompiler_StaticMethods_Set_EndPos:IU
pararecalc_0_All:sd
CRasterHeapChuck:aE
historyitem_AutoShapes_SetChartTitleTxBody:AP
IsHiddenObj:Di
handleChart:EI
JSCompiler_StaticMethods_WriteRowPr:C6
TextAddState:rG
JSCompiler_StaticMethods_fromArrayGraphicObjects:cH
JSCompiler_StaticMethods_Get_SummaryHeight:dL
documentUserId:P9
handleCurrentGroup:fJ
JSCompiler_StaticMethods_Internal_SetLvl:$V
STATES_ID_RESIZE_GROUPED:JF
nSldLtTTbl:DN
tt_cmap14_char_map_def_binary:Lw
safe_Apply_Changes:u$
_builder_funcs$$inline_772:Yu
RotateTrackShape:xL
JSCompiler_StaticMethods_Set_TableStyle:ye
para_FlowObjectAnchor:Kc
c_oMainTables$Core:Pk
CTableOutlineDr:uaa
TT_Round_To_Double_Grid:fy
c_oSer_ChartType$Style:rm
JSCompiler_StaticMethods_getWrapContour:mU
asc_CChart:Wj
JSCompiler_StaticMethods_Concat:jg
CSelectedElementsInfo:LW
FORMULA_TYPE_MIN:TO
power_tens:iB
JSCompiler_StaticMethods_isPointInDrawingObjects2:SG
ft_stub_set_char_sizes:Or
nSldLtTFourObj:uN
JSCompiler_StaticMethods__set_pPr:of
arrReverse:Wo
JSCompiler_StaticMethods_Internal_Check_Ranges:QU
SetErrorAndReturn:Uz
c_oSer_BasicChartType$Type:Zm
T1_Read_PFM:DC
CAscFillBlip:F$
Common_CmpObj2:rf
Binary_CommentsTableReader:faa
FontRef:Gj
JSCompiler_StaticMethods_Is_CurrentElementParagraph:UK
CChartLayout:yP
c_oSerNumTypes$Num_ANumId:IZ
JSCompiler_StaticMethods_Internal_RecalculateFrom:AY
c_oSer_sts$Style_Next:YZ
Binary_pPrReader:L6
rx_ref3D_non_quoted:sh
c_oAscHAnchor$Text:AS
skip_spaces:mu
CTableAnchorPosition:HX
t1_cmap_std_done:bu
FT_GlyphLoadCur:Ar
Editor_Paste:Vc
JSCompiler_StaticMethods__addToFormat:zi
FontStyle$FontStyleBold:hE
c_oSer_OMathBottomNodesType$PlcHide:d4
c_oSerNumTypes$lvl_Start:CZ
c_oSerImageType$Padding:o1
para_CollaborativeChangesStart:OS
STATES_ID_ROTATE:eI
JSCompiler_StaticMethods_Internal_MoveCursorBackward:cV
Editor_CopyPaste_Create:mg
FORMULA_TYPE_MOD:MO
contentchanges_Add:bR
JSCompiler_StaticMethods_DrawInlineMoveCursor:yF
c_oSer_sts$Style_TablePr:a_
asc_CImgProperty:Cp
historyitem_SetShapeBodyPr:CP
AddPolyLine2State:BG
tt_cmap12_next:vw
historyitem_SetParent:BL
Write_CVT:Sz
SNAP_DISTANCE:pI
historyitem_type_Drawing:lQ
LineEndType$Diamond:HM
CreateParagraphContent:eq
historyitem_AutoShapes_SetChartTitleOverlay:FP
JSCompiler_StaticMethods_checkRanges:UH
CDocumentSpelling:JW
JSCompiler_StaticMethods_Set_BoundY2:nW
ELEMENT_DISPAY_STYLE:xa
c_oSer_ChartPlotAreaType$BasicChart:Sm
tt_cmap14_variant_chars:Ww
c_oSerRunType$run:U0
JSCompiler_StaticMethods_beginCommand:$7
c_oSerProp_pPrType$Ind_Left:u_
c_oSer_OMathContentType$Matrix:b5
recalcresult_NextPage:JU
_message_update:Maa
tt_cmap4_init:gw
AscBrowser$isMobile:ha
JSCompiler_StaticMethods_ReadPresentationText:nd
g_nodeAttributeEnd:Fi
gray_set_cell:Bx
c_oSer_OMathContentType$Mcs:e5
_decoder_funcs$$inline_773:Zu
historyitem_SetSetSpPr:vP
c_oAscChartLegend$right:ug
historyitem_AutoShapes_RecalculateChartUndo:pG
c_oSerEffectExtent$Left:N1
JSCompiler_StaticMethods_Set_TableLastRow:MR
Pop_Push_Count:Fy
historyitem_CalculateAfterCopyInGroup:eF
skip_comment:lu
STATES_ID_PRE_CHANGE_WRAP_ADD:VF
JSCompiler_StaticMethods_getDocContentForCopyPaste:Ub
ETblStyleOverrideType$tblstyleoverridetypeNeCell:U5
c_oSer_ChartTitlePptxType$TxPptx:um
STATES_ID_NULL:eG
JSCompiler_StaticMethods_Internal_Get_StartMergedCell:gY
CTableRowHeight:kS
asc_CParagraphTab:Tp
JSCompiler_StaticMethods__readChar:yi
cd16:xM
JSCompiler_StaticMethods_Set_SmallCaps:lT
cd13:yM
t1_standard_encoding:ct
CTrackHandleObject:uI
JSCompiler_StaticMethods_Set_TableCellMar:he
JSCompiler_StaticMethods_VertLine:D7
c_oSer_OMathContentType$EqArr:Q4
STATES_ID_START_TRACK_TEXT_RECT:nI
tt_cmap4_next:iw
tt_face_load_sfnt_header_stub:Yw
c_oSer_OMathBottomNodesType:y4
JSCompiler_StaticMethods_Change_LeftInd:DV
cd23:zM
c_oSer_ChartSeriesDataLabelsType$TxPrPptx:tn
HitInBezier4:iP
c_oSer_OMathBottomNodesType$LimLoc:W3
ft_service_list_lookup:rq
Document_Recalculate_Page:BW
WRAPPING_TYPE_THROUGH:uK
JSCompiler_StaticMethods_Set_DocumentMargin:zX
reColor:sba
TYPE_TRACK_GROUP_PASSIVE:QF
c_oSer_MathPrType$BrkBin:O2
Load_SBit_Range_Codes:Lv
ParaPageNum:$P
X_Left_Field:CJ
Y_Top_Field:DJ
create_cff_field:gB
c_oAscError$Level$NoCritical:RY
FT_Get_Charmap_Index:yD
cff_fd_select_get:BB
JSCompiler_StaticMethods_setAscChart:Zj
c_oSer_OMathBottomNodesType$Scr:h4
historyitem_InternalChanges:bM
CAscFillSolid:O$
t1_get_glyph_name:hu
c_oSerImageType$X:l1
c_oSer_OMathContentType$SSubPr:u5
c_oSerImageType$Y:m1
c_oSer_ChartCatAxType$TitlePptx:Xm
phClr:FM
JSCompiler_StaticMethods_getDrawingArrayType:LG
MoveState:zJ
JSCompiler_StaticMethods_Is_On:oc
flowobject_Image:Lb
historyitem_Comments_Remove:rR
nVertTTwordArtVert:hk
c_oSerImageType2$BSimplePos:A1
cff_slot_done:SB
FT_CFF_SERVICE_GET_CMAP_INFO_GET:tC
historyitem_AddGraphicObject:aM
__FT_CharmapRec:Os
PreChangeWrapContourAddPoint:QJ
c_oSerRunType$fldstart:c1
c_oSer_OMathBottomNodesType$StrikeBLTR:l4
JSCompiler_StaticMethods_WriteTblPr:B6
JSCompiler_StaticMethods_Read_tblPr:N6
JSCompiler_StaticMethods_Internal_CreateNewGrid:yY
nSldLtTMediaAndTx:vN
g_bIsMobile:zaa
JSCompiler_StaticMethods_DrawSegment:Jo
JSCompiler_get:D
HeaderFooterGraphicObjects:mF
c_oSer_OMathBottomNodesType$Diff:O3
align_Right:ib
c_oAscError$ID$KeyExpire:fba
asc_CParagraphShd:Pp
docpostype_FlowObjects:Kb
nSldLtTTwoObj:GN
CComment:EQ
STATES_ID_SPLINE_BEZIER33:hI
c_oSer_OMathBottomNodesType$StrikeTLBR:n4
c_oSerNumTypes$Nums:GZ
MASTER_KIND:vM
c_oSer_ChartType$TitlePptx:sm
REND_MODE:ND
HF:Cj
tt_face_load_sbit_stub:cx
CreateParaDrawingFromBinary:$e
historyitem_SetStyle:IL
FT_Open_Args:Ls
c_oSerImageType$Height:k1
c_oSerFormat$Signature:YY
JSCompiler_StaticMethods_Check_Format:Ff
c_oAscServerError$ReadRequestStream:Ig
nSldLtTObjOverTx:zN
tt_cmap13_char_next:Ew
FT_MM_Axis:Jr
EChartBasicTypes$chartbasicScatterChart:Qn
historyitem_type_Table:sQ
FT_GlyphLoader_CheckSubGlyphs:Fr
tt_cmap14_def_char_count:Tw
JSCompiler_StaticMethods__MergeProp:wc
c_oAscServerError$ConvertMS_OFFCRYPTO:Xg
FlowObjects:pQ
CDocMetaSelection:Paa
cff_operator_seac:kC
COverlay:w7
c_oSer_sts$Style_RowPr:i_
_strncmp:Lq
CRasterDataInfo:YD
CImgProperty:Ge
FT_Glyph_Metrics:Fs
flowobject_Table:Ob
c_oAscMouseMoveLockedObjectType$Footer:rW
JSCompiler_StaticMethods__MouseHoverOnArrowUp:l9
CFF_SubFontRec:cB
c_oSerProp_pPrType$numPr_id:O_
isRealNumber:jc
FT_Outline_Copy:fr
b64_decode:Ji
historyitem_CalculateAfterPaste:RK
c_oSerTableTypes$HdrFtr:bZ
CHeader:w$
tt_cmap14_char_index:Jw
AA:Bo
JSCompiler_StaticMethods_drawFillStroke:fP
JSCompiler_StaticMethods_WriteCellMar:H6
c_oSer_OMathContentType$FuncPr:V4
FORMULA_TYPE_IF_ELSE:GO
tt_cmap14_char_variants:Sw
FT_OutlineCur:wr
Ins_SVTCA:iz
c_oSer_SettingsType$DefaultTabStop:N2
JSCompiler_StaticMethods_CopyGraphicObject:dc
CReaderTouchManager:Eaa
c_oSerProp_tblStylePrType$TrPr:q_
FT_GlyphLoader_Rewind:Dr
historyitem_ChangeDiagram:PL
c_oSer_OMathBottomNodesType$Aln:D3
CreateBinaryReader:ld
JSCompiler_StaticMethods_Internal_Get_NextCell:CY
JSCompiler_StaticMethods_Add_PresentationNumbering:Qf
PARRUN_TYPE_BR:Lk
JSCompiler_StaticMethods_Set_ParagraphFramePr:AX
c_oSerWrapPolygon$Edited:k2
c_oSerRunType$fldend:d1
TT_Get_MM_Var:hA
JSCompiler_StaticMethods_OnEnd_ChangeFlow:iG
CHART_TITLE_TYPE_H_AXIS:pP
para_TextPr:tb
c_oAscAlignH$Right:CT
tt_face_find_bdf_prop:ev
c_oAscChartType$line:jo
CPolygonPoint:xK
EChartLegendPos$chartlegendposTop:Fn
JSCompiler_StaticMethods_Internal_Add_Row:qe
JSCompiler_StaticMethods_WriteBefore:aaa
documentUrl:ML
CParagraphTabs:l$
c_oSer_ChartSeriesType$Marker:hn
tt_cmap12_char_index:xw
MoveChartTitleState:nJ
c_oAscError$ID$Database:Zaa
CreateIntArray:gq
check_KeyboardEvent:z8
JSCompiler_StaticMethods__MarginToStyle:Fb
PS_FontExtraRec:At
CopyPasteCorrectString:Bc
Default_Tab_Stop:Rp
LibraryHintingParams:ky
tt_face_free_sbit_stub:dx
JSCompiler_StaticMethods__IsBlockElem:ze
c_oAscServerError$StorageRead:Ng
historyitem_SetLstStyle:LP
JSCompiler_StaticMethods_Create_Default_Bullet:Hf
c_oMainTables$Themes:Tk
c_oSerProp_rPrType$RStyle:h0
JSCompiler_StaticMethods_setBlipFill:Je
bar:T
cff_slot_init:TB
tt_cmap_init:$v
Y_Bottom_Field:xe
c_oSerRunType$image:$0
bezier4:rl
bezier3:ql
historyitem_type_FlowTable:xQ
JSCompiler_StaticMethods_Get_Cell:G
break_Page:Gc
JSCompiler_StaticMethods_Selection_CalculateTextPr:FV
JSCompiler_StaticMethods_ReadFromBinary:cd
Page_Height:PH
c_oSerNumTypes$AbstractNums:qZ
c_oAscColor$COLOR_TYPE_PRST:E9
JSCompiler_StaticMethods_ReadAfter:laa
JSCompiler_StaticMethods_addFooter:lF
getNumberParts:ei
c_oAscRelativeFromH$LeftMargin:FT
JSCompiler_StaticMethods__ValueToMmType:qf
recalcresult_NextElement:KU
CBoundsController:E7
Spline:TJ
EChartBarGrouping$chartbargroupingClustered:$n
JSCompiler_StaticMethods_Set_PresentationLevel:Ik
ft_var_readpackeddeltas:eA
handleShapeImageGroup:bJ
JSCompiler_StaticMethods_Numbering_IndDec_Level:CV
JSCompiler_StaticMethods_AddCnx:R
c_oSer_OMathContentType$LimLowPr:Z4
c_oAscHAnchor$Page:BS
JSCompiler_StaticMethods_Selection_SelectNumbering:EV
Slide:Qi
Round_Up_To_Grid:Xy
T1_Parse_Glyph:HC
historyitem_SetSizesInGroup:FL
c_oSer_FramePrType$VSpace:w3
bIsLocalFontsUse:rE
cff_lookup_glyph_by_stdcharcode:jC
AscBrowser$isSafari:na
JSCompiler_StaticMethods_Internal_GetVertMergeCount2:KY
historyitem_SetBlipFill:DL
JSCompiler_StaticMethods_Internal_Get_PrevCell:DY
g_aNumber:TS
JSCompiler_StaticMethods_Set_TableRowPr:$R
TT_ExecContextRec:ty
c_oSer_pgMarType$Footer:y2
TT_Load_Glyph_Header:qA
CPen:k7
c_oSer_ChartLegendType$LegendEntry:zm
tt_driver_done:EA
FT_Slot_Internal:Ss
FileStream:md
JSCompiler_StaticMethods_Create_AbstractNum:Gf
c_oAscServerError$UploadExtension:ch
c_oSer_pgMarType$Right:v2
c_oEditorId$Word:Fg
historyitem_RemoveFromSpTree:cM
c_oSer_ChartType$PlotArea:qm
JSCompiler_StaticMethods_drawSelectionPage:IG
AscBrowser$isArm:oa
JSCompiler_StaticMethods_recalculateWrapPolygon:dH
TT_Load_Composite_Glyph:sA
JSCompiler_StaticMethods_LoadTestDocument:DX
historyitem_SetGroup:rL
JSCompiler_StaticMethods_Set_W:Yd
CStyles:lP
c_oSerProp_pPrType$numPr:M_
JSCompiler_StaticMethods_Set_Y:JX
tt_cmap14_char_var_index:Pw
JSCompiler_StaticMethods_Set_ToolTip:Pe
STATES_ID_CHANGE_ADJ_GROUPED:DF
JSCompiler_StaticMethods_Set_SemiHidden:VR
CSelectedObject:Z9
c_oSer_OMathContentType$McPr:d5
JSCompiler_StaticMethods_Is_Number:XS
FT_ValidatorRec:Rr
FT_GlyphLoader_Add:Hr
historyitem_SetGuideValue:aP
GetMinSnapDistanceXObject:EJ
JSCompiler_StaticMethods_Set_VAlign:fY
c_oSer_OMathBottomNodesType$HideRight:T3
c_oAscHAnchor:kba
STATES_ID_TRACK_NEW_SHAPE:dI
c_oSer_sts$Style_CellPr:j_
JSCompiler_StaticMethods_AddEllipse:z7
JSCompiler_StaticMethods_private_FillGlyph:q7
JSCompiler_StaticMethods_AddLineDash:LK
cff_parse_real:jB
FT_CFF_SERVICE_PS_NAME_GET:sC
TT_CMap13Rec:zw
JSCompiler_StaticMethods_fromAlphaMask:PD
cff_expert_charset:qB
GetShortIns:zz
STATES_ID_START_CHANGE_WRAP:TF
JSCompiler_StaticMethods_Style_Add_Open:oP
SkipCode:dz
Compute_Funcs:Jy
CommandType:W7
documentTitle:Q9
tt_cmap14_find_variant:Ow
CMargins:B$
FORMULA_TYPE_PLUS_MINUS:EO
getFile:qg
JSCompiler_StaticMethods__ExecuteBorder:Id
FormatObjDateAmPm:ni
c_oSer_OMathContentType$BarPr:F4
documentOrigin:Ka
c_oSer_ChartType$SpPr:tm
c_oSer_ChartSeriesType$xVal:jn
find_unicode_charmap:Ws
STATES_ID_CHART:YF
changeRgbColor:Ro
JSCompiler_StaticMethods_Get_FramePr:DU
RotateInGroup:JJ
nSldLtTTwoTxTwoObj:KN
c_oSer_st$DefpPr:RZ
CDocumentSearch:IW
CParaDrawingRangeLinesElement:RV
STATES_ID_PRE_MOVE:WH
_weight_obj:$N
FT_Var_Axis:Kr
hdrftr_Default:hF
ft_bitmap_glyph_class:or
ParaTextPr:Be
JSCompiler_StaticMethods_Set_TableLook:bk
FT_Var_Named_Style:Lr
FT_NEXT_SHORT:Cq
CMetafile:Y7
para_End:Ic
CreateAscColorCustom:Sp
c_oSerProp_pPrType$Tab_Item:I_
fontstyle_mask_regular:AE
T1_Get_Multi_Master:bD
c_oSer_OMathContentType$OMathParaPr:k5
NumComporationOperators$greaterorequal:bi
Round_To_Half_Grid:Zy
c_oAscXAlign$Outside:xb
c_oSerRunType$CommentReference:e1
cff_face_init:UB
g_oIdCounter:sp
asc_CCommentData:I$
TRANSLATE_HANDLE_FLIP_H_AND_FLIP_V:qM
tt_size_done_bytecode:xy
c_oAscAsyncActionType$BlockInteraction:IQ
c_oAscLineDrawingRule:xg
historyitem_type_Comments:sR
FT_Matrix:yr
STATES_ID_PRE_ROTATE:YH
PreMoveChartTitleState:MI
JSCompiler_StaticMethods_addDocContent:OL
c_oAscRelativeFromV$Page:UT
historyitem_SetShape:HP
c_oSerNumTypes$Num_NumId:JZ
TRACK_DISTANCE_ROTATE:uL
c_oSer_OMathBottomNodesType$RSp:f4
g_anchor_top:Q8
FT_MulFix:Vq
vertalign_Baseline:pf
handleInlineShapeImageCursorType:YI
c_oAscRelativeFromV$BottomMargin:KT
c_oSer_OMathBottomNodesType$ArgSz:F3
t1_expert_encoding:dt
tt_size_ready_bytecode:wy
MobileTouchMode$TableRuler:N8
STATES_ID_START_ADD_NEW_SHAPE:bI
FT_Bitmap_Size:Gs
numbering_presentationnumfrmt_None:OU
CreateImageFromBinary:af
Read_CVT_Stretched:Oz
Ph:fk
JSCompiler_StaticMethods_Remove_Cell:OY
c_oAscError$ID$UplImageSize:aba
c_oAscFillGradType$GRAD_PATH:K9
historyitem_ChangePolygon:MJ
ResizeState:BJ
Direct_Move_Orig:Py
c_oSerProp_pPrType$Spacing_LineRule:D_
TT_Round_Off:cy
EChartBasicTypes$chartbasicBubbleChart:Pn
check_type1_format:MC
recalcresult_CurPage:RU
FORMULA_TYPE_VALUE:SO
JSCompiler_StaticMethods_scrollByX:k8
JSCompiler_StaticMethods_scrollByY:l8
T1_Parse_Glyph_And_Get_Char_String:GC
IS_PS_SPACE:Ft
SFNT_HeaderRec:Tr
t1_service_glyph_dict:iD
c_oSerWrapTopBottom$EffectExtent:j2
c_oSer_ChartCatAxType$TxPrPptx:Ym
c_oAscYAlign$Center:VW
EChartBasicTypes$chartbasicPie3DChart:Vn
c_oSerBorderType$Space:Ql
historyitem_type_HdrFtrGrObjects:KH
c_oSerProp_pPrType$Spacing_Line:C_
BULLET_TYPE_BULLET_NONE:tk
VERTICAL_ANCHOR_TYPE_TOP:bL
tt_face_load_head:mv
c_oSerProp_rPrType$Lang:t0
JSCompiler_StaticMethods_Set_VertAlign:gT
TABLE_STYLE_HEIGHT_PIX:u8
gc_nMaxDigCountView:Xh
c_oSerImageType$Page:n1
CTablePr:dk
c_oSerProp_rPrType$FontHAnsi:$_
c_oSerHdrFtrTypes$Footer:jZ
historyitem_UpadteSpTreeBefore:gM
numFormat_AmPm:Lh
CDrawingDocument:yaa
ps_unicodes_char_next:nt
search_HdrFtr_All:vW
JSCompiler_StaticMethods_Internal_GetStartPos:HH
ParaEnd:UP
MoveChartTitleGroupState:mJ
BinarySigTableWriter:q6
JSCompiler_StaticMethods_WriteTbl:daa
c_oSerTableTypes$Numbering:aZ
T1_FontRec:Bt
g_memory:Hi
JSCompiler_StaticMethods_Search_Replace:b7
cff_isoadobe_charset:pB
SetHintsProps:c8
CParaSpellCheckerElement:paa
STATES_ID_PRE_MOVE_INLINE_OBJECT:XH
ChartRender:To
__len_files$$inline_1379:KE
JSCompiler_StaticMethods_calculateOffset:GH
c_oSer_ChartSeriesType$Cat:pn
calculatePosiitionObjects:Do
c_oSer_MathPrType$DefJc:Q2
JSCompiler_StaticMethods_CommitList:Oa
c_oMainTables$SlideRels:Zk
c_oSer_ChartPlotAreaType$CatAx:Qm
TT_SBit_RangeRec:cs
DRAWING_ARRAY_TYPE_BEFORE:MG
FT_CFF_CMAP_UNICODE_CLASS_REC_GET:VB
WordImage:bf
handleMouseDownNullState:$I
FT_Vector:rr
Editor_Copy:Ha
c_oSer_ChartLegendType$Layout:ym
c_oSerBordersType$left:Tl
historyitem_AddFtr:MH
CTableCellPr:GR
ImageLoadStatus$Loading:HE
JSCompiler_StaticMethods_Internal_GetContentByXY:pW
TYPE_TRACK_TEXT:RF
c_oSerRunType$rPr:V0
t1_cmap_unicode_class_rec:iu
c_oAscWrapStyle2$Tight:cU
c_oSer_sts$Style_qFormat:d_
TextAddInChartTitle:tG
ft_outline_glyph_copy:hr
c_oAscChartSubType$stacked:po
c_oSerPosHV$RelativeFrom:T1
JSCompiler_StaticMethods_Get_Pr:jS
cff_size_get_globals_funcs:NB
CParagraphInd:h$
c_oSerBordersType$right:Vl
JSCompiler_StaticMethods_Set_All:mS
c_oAscError$ID$SplitCellMaxCols:TY
CAscSlideProps:S$
_cmap_classes$$inline_775:$u
TT_GaspRange:Yr
CopyProcessor:Ga
EGlyphState$glyphstateNormal:KD
AFM_KernPairRec:Ct
CChartTitle:Yb
g_nodeAttributeStart:Ei
FT_Size:Js
JSCompiler_StaticMethods_generateUniColors:ap
t1_allocate_blend:aD
MobileTouchMode$TableMove:M8
cToRad:fK
tt_get_advances:OA
g_dKoef_pt_to_mm:Tf
TT_PCLT:os
c_oSerWrapPolygon$Start:l2
c_oSer_OMathBottomNodesType$SepChr:i4
EChartSymbol$chartsymbolNone:eo
T1_Size_Request:SC
FT_GlyphLoader_Prepare:Gr
FT_Smooth_Renderer_Class:Vx
c_oSerProp_pPrType$Ind_FirstLine:w_
c_oAscXAlign$Right:zb
FT_Size_Metrics:Is
g_dKoef_mm_to_twips:AR
c_oSer_OMathBottomNodesType$SubHide:q4
bIsIE:qaa
find_sbit_range:Sv
tt_get_interface:FA
JSCompiler_StaticMethods_ReadPresentationShapes:wd
STATES_ID_PRE_CHANGE_ADJ_GROUPED:CF
JSCompiler_StaticMethods_Internal_RecalculateGrid:iY
CAscFill:E$
ETblStyleOverrideType$tblstyleoverridetypeBand2Horz:O5
para_Empty:PP
JSCompiler_StaticMethods_ReadPaddings2:R6
c_oSer_OMathBottomNodesType$CSp:M3
GX_AVarSegmentRec:Zz
historyitem_SetCahrtLayout:DP
c_oSer_ClrSchemeMappingType$Accent6:i3
c_oSer_OMathContentType$LimUpp:$4
FT_FACE_FIND_SERVICE:sq
c_oSer_st$Styles:TZ
c_oSer_ClrSchemeMappingType$Accent3:f3
c_oSer_ClrSchemeMappingType$Accent2:e3
c_oSer_OMathContentType$CtrlPr:N4
c_oSer_ClrSchemeMappingType$Accent5:h3
Path:ZO
c_oSer_ClrSchemeMappingType$Accent4:g3
table_Selection_Border_InnerTable:KS
c_oSer_ClrSchemeMappingType$Accent1:d3
JSCompiler_StaticMethods_Get_CellSpacing:OX
translations_map:$E
SignType$Negative:Ph
JSCompiler_StaticMethods_changeSizeAfterResizeMainGroup:lM
TT_HdmxRec:$r
JSCompiler_StaticMethods_CheckColors:L7
CreateAscFill:R$
AscBrowser$isIE:ca
c_oSer_sts$Style:UZ
c_oSerProp_pPrType$Spacing_Before:E_
c_oSerImageType$MediaId:h1
c_oAscServerError$Storage:Lg
CDrawingObject:Z8
JSCompiler_StaticMethods_CorrectFrom:g8
CPres:Mi
T1_Size_Init:RC
c_oSerProp_rPrType$FontHint:n0
t1_builder_add_point1:Cu
para_NewLineRendered:MP
c_oSer_FramePrType$W:x3
c_oSer_FramePrType$X:z3
c_oAscAlignH$Left:BT
c_oSer_FramePrType$Y:B3
JSCompiler_StaticMethods_setTextBoxContent:NL
c_oSerEffectExtent$Top:O1
c_oSer_OMathContentType$GroupChrPr:X4
CreateAscShapePropFromProp:JH
PS_FontInfoRec:tt
para_CommentEnd:SP
c_oSerProp_rPrType$Italic:W_
c_oSerProp_pPrType$numPr_lvl:N_
JSCompiler_StaticMethods__init:Saa
lcid_enUS:oS
Binary_rPrWriter:A6
JSCompiler_StaticMethods_Get_StyleIdByName:fS
c_oAscWrapStyle2$Inline:ZT
changestype_Remove:xH
tt_face_get_location:vA
JSCompiler_StaticMethods__BorderToStyle:xc
BULLET_TYPE_COLOR_CLR:gl
changestype_Document_Content_Add:yH
STATES_ID_TEXT_ADD_IN_GROUP:Rb
SplineCommandMoveTo:UJ
PASTE_EMPTY_USE:Ca
c_oSerImageType2$EffectExtent:B1
c_oEditorId$Presentation:sa
ft_outline_glyph_init:dr
JSCompiler_StaticMethods__ExecuteTableCell:ff
ETblStyleOverrideType$tblstyleoverridetypeBand2Vert:P5
CDocumentReaderMode:ta
c_oSerProp_pPrType$ParaStyle:L_
c_oSer_FramePrType$HSpace:t3
LineJoin:yj
CFontManager:qE
tt_cmap10_char_next:sw
CDocumentBounds:wU
c_oSer_pgSzType$H:r2
JSCompiler_StaticMethods_Internal_CompareBorders3:eY
JSCompiler_StaticMethods_Internal_CompareBorders2:PX
c_oAscFill$FILL_TYPE_GRAD:I9
FT_BBox:is
MIN_SHAPE_SIZE:lK
c_oAscChartType$area:lo
MoveInlineObject:oJ
load_truetype_glyph:uA
table_Selection_Common:GX
__grays_raster_render:Rx
c_oSer_FramePrType$H:q3
c_oSer_pgSzType$W:q2
tt_face_load_pclt:uv
cff_builder_close_contour:iC
historyitem_AutoShapes_AddTitle:tP
c_oSerRunType$table:a1
c_oSerEffectExtent$Right:P1
CParagraphBorders:n$
tt_face_load_any:kv
JSCompiler_StaticMethods_scrollToX:i8
g_tabtype_right:Ll
JSCompiler_StaticMethods_scrollToY:j8
_mapAscServerErrorToAscError:a$
FT_SERVICE_ID_POSTSCRIPT_CMAPS:lq
EWmlColorSchemeIndex$wmlcolorschemeindexDark2:f6
EWmlColorSchemeIndex$wmlcolorschemeindexDark1:e6
JSCompiler_StaticMethods__StartExecuteTablePresentation:ue
JSCompiler_StaticMethods_Style_Remove:eQ
tt_cmap14_char_map_nondef_binary:Nw
convertFormula:kp
_weight_media:ZN
CImageSize:X9
rx_ref:rh
T1_Done_Metrics:AC
handleFloatObjectsGroupStateCursorType:jJ
t1_builder_start_point:Eu
c_oAscServerError$StorageRemoveDir:Pg
STATES_ID_PRE_ROTATE_IN_GROUP:GF
CHeaderFooterController:TQ
c_oSer_sts$Style_Default:b_
findPrevValue:dp
cff_index_get_pointers:xB
raster_memory:zx
c_oSer_ClrSchemeMappingType$T1:n3
c_oSer_ClrSchemeMappingType$T2:o3
LoadFontFile:cE
c_oSer_OMathContentType$SPre:r5
c_oAscChartType$scatter:io
c_oAscWrapStyle2$Through:dU
c_oAscServerError$NoError:Gg
JSCompiler_StaticMethods_getResultScaleCoefficients:TK
c_oAscError$ID$DownloadError:Yaa
handleFloatObjectsCursorType:WI
CHatchBrush:K7
CTableRecalcInfo:LX
c_oSerDocTableType$tblGrid_Item:M0
c_oSer_ChartPlotAreaType$ValAx:Rm
JSCompiler_StaticMethods_Interface_Update_HdrFtrPr:YW
c_oSer_OMathBottomNodesType$StrikeH:m4
JSCompiler_StaticMethods_parse3DRef:yh
c_oSer_ChartLegendLayoutType$WMode:Lm
t1_service_ps_info:kD
c_oSer_OMathBottomNodesType$Pos:e4
JSCompiler_StaticMethods_Repos:W8
JSCompiler_StaticMethods_getProps:rF
nSldLtTTxAndClipArt:MN
c_oSer_OMathBottomNodesType$StrikeV:o4
FT_Outline_Transform:jr
g_oLcidNameToIdMap:Q6
handleHitNoText:zI
FT_GlyphLoader:Br
tt_cmap14_char_var_isdefault:Qw
JSCompiler_StaticMethods_Internal_GetXYByContentPos:uV
c_oAscStyleImage$Default:Aaa
FT_NEXT_USHORT:Fq
JSCompiler_StaticMethods_Internal_RecalcData_Clear:uR
NumComporationOperators$notequal:di
c_oAscError$ID$UplImageExt:bba
CBullet:CO
Y_Default_Footer:mW
cff_builder_add_point:eC
month:Th
JSCompiler_StaticMethods_Numbering_Set:lV
JSCompiler_StaticMethods_getHeightText:Ho
Move_CVT_Stretched:Qz
_ph_summ__obj_and_two_obj:lO
FORMULA_TYPE_SQRT:QO
g_oTableId:zd
JSCompiler_StaticMethods_Set_BorderInfo_Bottom:MY
tt_face_goto_table:dv
_ph_summ__obj:kO
documentFormatSaveTxtCodepage:qba
JSCompiler_StaticMethods_CopyPresentationTableFull:cc
TT_SizeRec:Xz
JSCompiler_StaticMethods__CommitText:qi
FT_CMapRec:Ms
c_oAscServerError$UploadCountFiles:dh
t1_builder_add_point:Bu
JSCompiler_StaticMethods__GetTargetDocument:ad
getFontProperties:Fo
historyitem_type_ChartTitle:GP
JSCompiler_StaticMethods_Internal_Recalculate_0:TU
JSCompiler_StaticMethods_Internal_Recalculate_1:jY
Y_Default_Header:oW
Round_None:Vy
JSCompiler_StaticMethods_ReadW:U6
c_oSerRunType$pagenum:X0
EChartAxPos$chartaxposBottom:Dn
c_oSer_StyleType$Table:L2
rgRange:oh
gray_render_span:Px
IUP_WorkerRec:rz
monthCut:Rh
c_oSerImageType2$Chart:L1
c_oSer_OMathContentType$LimUppPr:a5
JSCompiler_StaticMethods_Set_Margins:Kd
t1_cmap_std_init:au
linerule_AtLeast:kb
JSCompiler_StaticMethods_normalizeXfrm:VL
CParaPage:EU
tt_cmap13_char_index:Dw
JSCompiler_StaticMethods_Clear_TextFormatting:ag
cff_index_read_offset:uB
hdrftr_Even:oF
CTable:qc
c_oSer_pgMarType$Top:u2
TT_Vary_Get_Glyph_Deltas:lA
tt_face_load_eblc:Mv
c_oSer_ChartLegendLayoutType$LayoutTarget:Jm
JSCompiler_StaticMethods_Set_Align:wf
T1_Face:Et
CPosition:Ep
c_oSer_StyleType$Paragraph:K2
TRANSLATE_HANDLE_FLIP_V:pM
CWrapPolygon:pK
c_oAscTableLayout$AutoFit:WX
JSCompiler_StaticMethods_getRectHeight:ud
historyitem_type_TableCell:vQ
partition_bezier3:cP
nSldLtTObjAndTwoObj:wN
partition_bezier4:OK
c_oSer_OMathBottomNodesType$CGp:I3
LineEndType$Oval:IM
JSCompiler_StaticMethods_updatePosition3:jU
c_oSer_st$DefrPr:SZ
c_oSer_sts$Style_BasedOn:XZ
JSCompiler_StaticMethods_startChangeChildSizes:YL
tt_cmap14_done:Gw
selected_DrawingObjectText:jH
TRANSLATE_HANDLE_FLIP_H:oM
changestype_Paragraph_Properties:XQ
c_oAscContextMenuTypes$ChangeHdrFtr:hX
historyitem_Comment_Change:iR
c_oSerShdType$Value:$l
cff_builder_start_point:hC
c_oAscAlignV$Center:PT
CAscSection:W9
LAYOUT_KIND:uM
c_oAscServerError$VKeyEncrypt:gh
c_oSer_OMathArgNodesType$Sup:L5
Project:My
T1_DecoderRec:Su
c_oSer_MathPrType$IntLim:T2
g_nErrorParagraphCount:p6
FT_ServiceCache:uq
historyitem_AutoShapes_SetChartTitleType:EP
_weight_clipArt:WN
CImagePositionV:Gp
JSCompiler_StaticMethods_Set_DocumentPageSize:yX
c_oSerProp_rPrType$Cs:r0
c_oAscAsyncAction$ApplyChanges:JQ
FORMULA_TYPE_COS:KO
c_oSer_OMathContentType$RadPr:p5
CImagePositionH:Fp
tt_find_sbit_image:Tv
c_oSer_FramePrType$HAnchor:r3
dropcap_None:sS
_strcmp_data:Mq
JSCompiler_StaticMethods_Internal_CheckNullBorder:dY
cff_get_advances:pC
ParaNumbering:ZP
TT_Round_Super_45:jy
tt_cmap10_char_index:rw
ps_parser_skip_spaces:ru
g_fonts_streams:dE
CDocumentRenderer:a8
skip_string:ou
STATES_ID_CHANGE_ADJ:$H
cff_encoding_load:EB
CStyleImage:x8
JSCompiler_StaticMethods_AddHandlePolar:Sj
nSldLtTClipArtAndVertTx:sN
CSrcRect:ij
CControl:Faa
c_oSer_pgMarType$Bottom:w2
tt_face_free_hdmx_stub:ax
CTrackXYAdjObject:sI
Get_Kerning:oD
ft_outline_glyph_done:gr
asc_CChartTranslate:lp
JSCompiler_StaticMethods_DrawBorders:Ko
JSCompiler_StaticMethods_Set_FontSize:eT
JSCompiler_StaticMethods_Select_Comment:jX
para_Text:Ac
c_oSerWrapSquare$WrapText:b2
c_oSer_OMathContentType$DelimiterPr:P4
c_oSer_FramePrType$Wrap:y3
c_oSer_OMathContentType$BoxPr:L4
historyitem_SetSpPr:HL
JSCompiler_StaticMethods_Set_ParaPr:JR
JSCompiler_StaticMethods_Set_RangeStartPos:HU
isRealObject:F
_weight_pic:aO
CChartAsGroup:gc
CGraphics:n7
JSCompiler_prototypeAlias:E
docpostype_HdrFtr:Jb
DecodeBase64Char:Ii
c_oSer_OMathContentType$Nary:h5
JSCompiler_StaticMethods_Internal_Remove_Row:JY
CStylesPainter:y8
asc_docs_api:Y
JSCompiler_alias_VOID:h
CNoFill:tj
c_oAscFillBlipType$STRETCH:L9
JSCompiler_StaticMethods_Set_ContextualSpacing:kV
xhrSupported$$inline_1346:tE
JSCompiler_StaticMethods_Replace:Z6
c_oSerProp_pPrType$Ind_Right:v_
heightrule_AtLeast:Td
c_oAscCollaborativeMarksShowType$LastChanges:jba
c_oAscError$ID$UplImageFileCount:cba
BinaryFileReader:$f
STATES_ID_PRE_ROTATE_IN_GROUP2:OF
g_sResourceServiceLocalUrl:zg
cff_parse_num:kB
para_Numbering:dg
nSldLtTTwoObjOverTx:JN
JSCompiler_StaticMethods_Document_Format_Copy:cX
lineTo:pl
c_oAscRelativeFromH$Column:DT
c_oSerProp_pPrType$Tab_Item_Val:K_
orientation_Landscape:tW
JSCompiler_StaticMethods_Internal_Get_Cell_ByStartGridCol:nY
_callbacks:e$
HitInLine:AL
_ph_summ__tx:vO
asc_CTextFontFamily:Wp
EHint$hintDefault:l6
TT_Gasp:Zr
JSCompiler_StaticMethods__ExecuteTable:mf
FT_UnitVector:oy
JSCompiler_StaticMethods__ParseColor:Fd
comments_ActiveComment:oR
JSCompiler_StaticMethods_Get_GridSpan:kc
JSCompiler_StaticMethods_Set_TableBorder_InsideH:ee
search_Common:uW
c_oSerDocTableType$Content:N0
dublicate_vector:ws
JSCompiler_StaticMethods_Set_TableStyle2:Zf
FT_Match_Size:Qv
StartChangeWrapContourState:rH
JSCompiler_StaticMethods_Internal_Get_Pr:cS
c_oSer_OMathBottomNodesType$HideBot:R3
FT_Service_GlyphDictRec:hq
c_oAscStrokeType$STROKE_NONE:N9
JSCompiler_StaticMethods__ExecuteParagraphBorder:je
CShapeColor:s7
JSCompiler_StaticMethods_Get_Bounds:lW
JSCompiler_StaticMethods_Set_TableBorder_Left:me
BULLET_TYPE_BULLET_CHAR:wk
RULER_OBJECT_TYPE_FOOTER:p8
c_oSerNumTypes$AbstractNum:rZ
CBgPr:Ej
documentVKey:fd
FT_Module:Ts
c_oSerPoint2D$Y:p2
c_oSerPoint2D$X:o2
ps_parser_load_field:wu
g_aLcidNameIdArray:c7
ArcToOnCanvas:gP
JSCompiler_StaticMethods_Read_RowPr:O6
PARRUN_TYPE_RUN:Jk
JSCompiler_StaticMethods_Row_Remove2:XW
CSeekTableEntry:cl
c_oAscServerError$ConvertTimeout:Vg
NumFormatCache:Ai
CGlyphString:pE
CAscStroke:T$
DrawLineEnd:N7
JSCompiler_StaticMethods_selectionIsTableBorder:BH
JSCompiler_StaticMethods_setAdjustmentValue:kK
tt_face_load_bdf_props:cv
Get_TableOffsetCorrection:W6
dublicate_matrix:Cs
ChartPreviewManager:$o
STATES_ID_TEXT_ADD:Qb
c_oSerNumTypes$lvl_LvlTextItem:yZ
AFM_StreamRec:Nt
c_oSer_OMathBottomNodesType$HideTop:U3
JSCompiler_StaticMethods_Internal_Is_NullBorders:YU
JSCompiler_StaticMethods_setTableProps:VG
Y_Top_Margin:QH
c_oSer_ChartSeriesNumCacheType$NumCacheItem:An
parserHelp:zh
trimString:Zc
c_oAscDropCap$None:nba
JSCompiler_StaticMethods_Set_Additional_ExtendDocumentToPos:yR
c_oSer_ChartLegendEntryType$TxPrPptx:Dm
CMouseMoveData:FS
CMobileTouchManager:Caa
historyitem_type_Style:FQ
phType_title:dN
JSCompiler_StaticMethods_Internal_Get_TableMinWidth:HY
tt_sfnt_id_rec:VA
tt_face_load_name:pv
EChartAxPos$chartaxposRight:Cn
c_oSerSigTypes$Version:hZ
JSCompiler_StaticMethods_isPointInDrawingObjects:TG
JSCompiler_StaticMethods_Viewer_OnChangePosition:tX
c_oSer_pgMarType$Left:t2
Binary_pPrWriter:z6
CFF_Driver:zC
sfnt_open_font:qx
FT_Request_Metrics:QA
c_oSer_ChartSeriesType$TxRef:kn
CreateUIntArray:yt
global_keyboardEvent:rV
CFontFilesCache:eE
c_oSerProp_pPrType$pBdr:R_
c_oAscRelativeFromV$Margin:TT
_ph_summ__two_obj_and_tx:tO
JSCompiler_StaticMethods_Set_TableBorder_InsideV:ge
JSCompiler_StaticMethods_Set_Inline:cY
FT_Glyph_Class:Kx
tt_size_run_prep:Dy
JSCompiler_StaticMethods_Numbering_Remove:Of
tt_face_load_hmtx:Cv
c_oAscServerError$ConvertReadFile:Wg
numbering_numfmt_UpperLetter:Va
JSCompiler_StaticMethods_Create_Table_BorderedAndLined:HR
ScrollArrowType$ARROW_LEFT:d9
NumComporationOperators$greater:$h
JSCompiler_StaticMethods_Cursor_IsEnd:gg
JSCompiler_StaticMethods_Internal_Correct_HyperlinkPos:fV
CErrorData:PY
T1_Load_Glyph:JC
FILL_TYPE_PATT:pj
c_oSer_OMathBottomNodesType$MaxDist:Y3
historyitem_AddHdrFtrGrObjects:gF
CTextStyles:Aj
CDocInfo:U9
FT_OutlineGlyphRec:tr
ComparisonByZIndex:YG
phType_chart:RM
styletype_Table:Wi
CBulletColor:mk
JSCompiler_StaticMethods_Internal_GetTextPr:bV
CLock:cF
sfnt_service_ps_name:hx
phType_clipArt:SM
c_oSer_FramePrType$XAlign:A3
c_oSer_sts$Style_uiPriority:e_
JSCompiler_StaticMethods_Create_NewPoint:Uc
afm_parser_read_int:Wt
FILL_TYPE_NOFILL:sj
JSCompiler_StaticMethods_Internal_FindWordEnd:GV
c_oSer_OMathArgNodesType$Sub:K5
tt_face_load_hdmx_stub:$w
g_tabtype_clear:Nl
nSldLtTTxAndObj:ON
c_oAscError$ID$ConvertationPassword:dba
Ins_MIRP:Mz
CCore:Li
CreateNullArray:xt
c_oSer_ChartSeriesType$Val:fn
JSCompiler_StaticMethods_AddRect2:XF
EChartBasicTypes$chartbasicSurfaceChart:Wn
CFontInfo:FE
FT_Get_Char_Index:Vz
cff_driver_init:YB
JSCompiler_StaticMethods_tg:saa
ScrollArrowType$ARROW_BOTTOM:c9
afm_parse_kern_pairs:Zt
JSCompiler_StaticMethods_editChart:CH
c_oSerTableTypes$Style:cZ
c_oSerProp_rPrType$Bold:V_
selectionflag_DrawingObject:hc
FT_ServiceDescRec:qq
g_bChartPreview:Eo
tt_driver_init:DA
phType_subTitle:bN
numbering_numfmt_Bullet:De
c_oSerProp_rPrType$ItalicCs:p0
JSCompiler_StaticMethods_Use_TextWrap:YT
SplineCommandBezier:ZJ
T1_Get_Advances:IC
Direct_Move_Y:Sy
Direct_Move_X:Qy
JSCompiler_StaticMethods_Is_Punctuation:YS
LineEndType$Arrow:qJ
JSCompiler_StaticMethods_Internal_GetCellByXY:oY
chartCanvas:So
CBinaryFileWriter:Ja
ParaDrawing:Xb
g_nCurFileVersion:ZY
CHyperlinkProperty:pV
c_oSer_OMathBottomNodesType$CGpRule:J3
EndArrow:xj
TT_HoriHeader:ks
JSCompiler_StaticMethods_HorLine:C7
GetClientHeight:i9
JSCompiler_StaticMethods_Set_TableFirstCol:NR
PasteProcessor:Xc
c_oSerProp_pPrType$Jc:x_
c_oAscXAlign$Center:Ab
CFF_ParserRec:eB
g_mouse_button_right:gX
FT_Select_Metrics:TA
handleFloatGroup:CI
CParaPos:OV
CPattFill:qj
JSCompiler_StaticMethods_DrawMarks:No
JSCompiler_StaticMethods_getIntersection:wK
FT_Span:zs
MoveTitleInChart:LI
cutLabels:gp
c_oSer_ChartSeriesType$DataLabels:nn
STATES_ID_MOVE_CHART_TITLE_GROUP:cG
Ins_SPVTL:mz
WRAP_TEXT_SIDE_BOTH_SIDES:oK
c_oAscXAlign$Left:NW
reallocate_t1_table:ku
CreateAscColor:M$
FT_ENCODING_UNICODE:QD
g_fontManager:S7
LineEndSize$Mid:rJ
JSCompiler_StaticMethods_AddRect3:B7
JSCompiler_StaticMethods_Check_Split:sX
handleMouseDownNullStateCursorType:aJ
dropcap_Margin:uS
numbering_suff_Space:MU
c_oAscStrokeType$STROKE_COLOR:O9
FT_GLYPHLOADER_CHECK_POINTS:Ir
ft_bitmap_glyph_copy:ar
c_oMainTables$ThemeRels:$k
c_oAscColor$COLOR_TYPE_SRGB:D9
CTrackMoveObject:FI
JSCompiler_StaticMethods_Document_Format_Paste:dX
JSCompiler_StaticMethods_Set_Header:ZX
_ph_summ__tx_and_clip_art:wO
c_oSerDocTableType$Row_Content:Q0
cff_expert_encoding:tB
JSCompiler_StaticMethods_Set_Caps:kT
CTableMeasurement:Zd
historyitem_RemovePoint:GK
border_None:zc
JSCompiler_StaticMethods_Check_Hyperlink2:$U
c_oAscServerError$VKey:eh
CDocument:UQ
CParagraphLayout:vT
JSCompiler_StaticMethods_Set_Color:fT
t1_cmap_std_char_next:du
CTrackPolarAdjObject:rI
changestype_Delete:wH
L 0:a
JSCompiler_StaticMethods_AddAdj:J
GX_FVar_Head:cA
L 1:b
c_oSer_BasicChartType$Grouping:an
X_Left_Margin:Bb
L 2:c
CHeaderFooter:AQ
L 3:d
c_oSer_OMathContentType$Func:U4
ParaEmpty:YP
L 9:p
L 8:l
L 7:k
L 6:g
L 5:f
c_oAscMouseMoveDataTypes$Hyperlink:oV
L 4:e
historyitem_InitShape:WK
historyitem_SetXfrmShape:yL
CDocumentBorder:fe
c_oSerDocTableType$Cell_Pr:S0
JSCompiler_StaticMethods__setScrollerHW:r9
TT_Header:js
TextAddInGroup:sG
ps_table_funcs:Tu
DoNullBitmap:Zq
g_dKoef_in_to_mm:Sf
CGradFill:nj
c_oSer_CommentsType$Id:B2
OnSave_Callback:t$
STATES_ID_RESIZE_IN_GROUP:LF
historyitem_MoveShapeInArray:fM
JSCompiler_StaticMethods_groupSelectedObjects:WG
CDrawingPage:xaa
c_oAscServerError$Convert:Sg
JSCompiler_StaticMethods_Internal_RecalculateBounds:kW
create_t1_field5:Ou
numbering_presentationnumfrmt_ArabicParenR:Xa
historyitem_SetAbsoluteTransform:EL
create_t1_field4:Nu
Ins_UNKNOWN:oz
ImageLoadStatus$Complete:IE
JSCompiler_StaticMethods_startCalculateAfterInternalResize:ZL
c_oSerProp_pPrType$KeepLines:y_
c_oMainTables$ViewProps:Rk
_iup_worker_interpolate:sz
historyitem_type_AbstractNum:BQ
JSCompiler_StaticMethods_Get_Default_Hyperlink:gS
c_oAscWrapStyle2$TopAndBottom:eU
c_oSerRunType$pptxDrawing:f1
wrap_None:wS
JSCompiler_StaticMethods_getGradientPoints:P7
fntStyleInd_none:eN
historyitem_SetBodyPr:JL
TT_CallRec:ly
JSCompiler_StaticMethods_RGB2HSL:CM
CalculateAhXYList:XO
FT_ENCODING_NONE:RD
tt_face_load_maxp:ov
T1_Set_MM_Design:dD
JSCompiler_StaticMethods__isEmptyProperty:vf
g_nMaxJsonLengthChecked:Cg
c_oSer_OMathBottomNodesType$Count:L3
tt_face_free_charmap_stub:fx
c_oSer_ChartSeriesType$SpPr:on
fonthint_CS:E6
CGrState:p7
table_Selection_Border:JS
c_oAscError$ID$SplitCellRowsDivider:SY
nSldLtTSecHead:CN
c_oSerProp_rPrType$FontAE:a0
FontStyle$FontStyleItalic:iE
nSldLtTTxAndChart:LN
JSCompiler_StaticMethods_TurnOn:rc
CBg:Dj
CParaLineMetrics:QV
c_oSerImageType2$Type:p1
BinaryChartWriter:nl
c_oSerProp_rPrType$FontCS:b0
c_oAscAlignV$Outside:OT
JSCompiler_StaticMethods_Add_Range:GU
c_oSer_sts$Style_hidden:f_
Round_Super_45:bz
FT_MulDiv:Uq
c_oSer_OMathContentType$Acc:B4
CTableLook:ek
CFlowTable2:MS
EChartBasicTypes$chartbasicDoughnutChart:Sn
JSCompiler_StaticMethods_Set_TableBorder_Bottom:pe
asc_CChartFont:Ap
CParaSpacing:jf
JSCompiler_StaticMethods__ExecuteTableCellPresentation:Dd
tt_cmap4_char_index:lw
CDocumentPage:CW
CreateUniColorRGB:vp
sfnt_service_bdf:kx
JSCompiler_StaticMethods_Set_Bold:$S
CStream:Naa
CollaborativeEditing:rK
handleShapeImageGroupCursorType:eJ
TT_Round_To_Grid:ey
JSCompiler_StaticMethods_isShapeChild:UG
c_oSer_ChartLegendType$LegendPos:wm
JSCompiler_StaticMethods_Get_FontKoef:pS
afm_stream_read_string:Rt
JSCompiler_StaticMethods_Internal_CompareBrd:iV
ps_parser_skip_PS_token:qu
ETblStyleOverrideType$tblstyleoverridetypeBand1Horz:M5
char9:VE
CBulletTypeface:qk
charA:OE
c_oSerBorderType$Value:Sl
CorrectUniStroke:oL
JSCompiler_StaticMethods_Update_DropCapByLines:xV
JSCompiler_StaticMethods_AddHandleXY:Tj
c_oAscVertAlignJc$Top:RX
CreateGeometry:Ke
nSldLtTObjAndTx:xN
docpostype_Content:KQ
T1_Read_Metrics:FC
c_oSer_OMathBottomNodesType$ZeroWid:x4
MobileTouchMode$None:G8
JSCompiler_StaticMethods_DrawTick:Io
JSCompiler_emptyFn:u
gray_split_cubic:Dx
STATES_ID_PRE_MOVE_IN_GROUP:FF
STATES_ID_NULL_HF:fG
FT_Library:rD
EChartBarDerection$chartbardirectionCol:Zn
char0:UE
Ins_MIAP:yz
charz:TE
shd_Clear:Hd
T1_Set_MM_Blend:cD
historyitem_Init2Shape:XK
CParaRecalcInfo:xU
t1_builder_close_contour:Fu
c_oSer_BasicChartType$Seria:dn
ResizeTrackShape:wL
TBand:Nx
CRasterHeapLineFree:XD
_ph_summ__tbl:qO
CreateDefaultShapeStyle:MK
charZ:QE
CColor:Zo
load_format_25:Gv
PreMoveInGroup:dJ
JSCompiler_StaticMethods_Get_Default_Heading:tf
chara:RE
c_oSer_ChartLegendLayoutType$HMode:Im
JSCompiler_StaticMethods_setProps:DH
fonthint_EastAsia:F6
c_oSerProp_rPrType$Underline:X_
chars:XE
load_format_20:Fv
charp:WE
c_oAscStyleImage$Document:Baa
c_oAscChartType$hbar:fo
CFF_Driver_Class:yC
c_oAscRelativeFromV$TopMargin:XT
CParaSpellChecker:yU
c_oSerNumTypes$lvl_ParaPr:EZ
JSCompiler_StaticMethods_AddRoundRectCtx:x7
c_oSer_OMathContentType$NaryPr:i5
TT_Validator:Yv
ChartGroupState:tH
JSCompiler_StaticMethods_Set_Strikeout:bT
CSysColor:gj
JSCompiler_StaticMethods_IncDec_Indent:IV
JSCompiler_StaticMethods_Numbering_Get:Ma
Load_Glyph:MA
CTablePage:KX
c_oSerNumTypes$lvl_LvlText:xZ
FT_Smooth_Renderer:ay
numbering_presentationnumfrmt_Char:Fe
MoveInGroup:KJ
FT_Select_Size:tD
c_oSerProp_rPrType$Rtl:s0
phType_hdr:XM
PS_DesignMapRec:vt
JSCompiler_StaticMethods_calculateAbsToRel:NJ
JSCompiler_StaticMethods_getXfrmExtX:hU
JSCompiler_StaticMethods_getXfrmExtY:iU
BinaryOtherTableWriter:x6
ComparisonByZIndexSimple:uF
JSCompiler_StaticMethods_pointInObjInDocContent:RG
c_oSer_OMathBottomNodesType$BegChr:H3
STATES_ID_PRE_MOVE_CHART_TITLE_GROUP:bG
global_hatch_names:I7
Round_To_Grid:Wy
c_oAscServerError$StorageWrite:Og
Body_Paste:Sc
TT_NameEntryRec:Wr
c_oSer_MathPrType$SmallFrac:a3
ETblStyleOverrideType$tblstyleoverridetypeNwCell:V5
FORMULA_TYPE_PIN:NO
c_oSerWrapPolygon$LineTo:n2
c_oSerParType$CommentStart:H0
CBorders:C$
t1_keywords:gD
Ins_ROUND:Ez
FT_SFNT_SERVICES_GET:wx
handleSelectedObjects:qI
ParaCommentEnd:cQ
global_hatch_offsets:H7
c_oAscImageUploadProp$MaxFileSize:jh
align_Center:hb
JSCompiler_StaticMethods_DrawVBars:Mo
JSCompiler_StaticMethods_calculateFullTransformMatrix:XL
t1operator_seac:Iu
ft_char_table:It
c_oSer_ChartCatAxType$Delete:Vm
c_oSerProp_rPrType$HighLightTyped:g0
CHART_TITLE_TYPE_TITLE:ro
FONT_ITALIC_ANGLE:ID
JSCompiler_StaticMethods_getFloatDrawingArrays:sF
c_oSerPaddingType$right:dm
JSCompiler_StaticMethods_Set_TableBand2Horz:PR
numFormat_Second:Kh
asc_CChartBinary:yp
JSCompiler_StaticMethods_getCol0:mm
ExtraClrScheme:uj
numFormat_Bracket:Ch
handleInlineGroup:JI
c_oAscRelativeFromH$RightMargin:JT
ft_smooth_render_generic:by
nSldLtTTitleOnly:EN
ETblStyleOverrideType$tblstyleoverridetypeSwCell:X5
TT_Round_Super:iy
c_oSerDocTableType$Cell:R0
t1_cmap_expert_class_rec:fu
c_oSer_OMathContentType$BorderBox:I4
c_oSerProp_tblStylePrType$TblStylePr:l_
EGlyphState$glyphstateDeafault:MD
BinaryDocumentTableWriter:w6
FT_GlyphLoad:zr
tt_face_load_cvt:jA
FT_Incremental_MetricsRec:Bs
TextListStyle:Ek
phType_pic:$M
c_oAscYAlign$Inside:QW
JSCompiler_StaticMethods_RecalcScroller:u9
c_oAscAsyncAction$Open:w9
ft_outline_glyph_prepare:nr
JSCompiler_StaticMethods_documentUpdateSelectionState:nH
cff_cmap_unicode_class_rec:LB
JSCompiler_StaticMethods__arrowUpMouseDown:Uaa
T1_Driver_Done:ZC
CSchemeColor:cj
c_oSer_sts$Style_unhideWhenUsed:h_
COLOR_TYPE_PRST:$i
T1_BuilderRec:Qu
documentFormat:S9
historyitem_RemoveFromArrGraphicObj2:eM
JSCompiler_StaticMethods_Set_QFormat:XR
g_dKoef_pix_to_mm:ve
CPPTXContentLoader:so
border_Single:nf
JSCompiler_StaticMethods_setLstStyle:Fk
EChartLegendPos$chartlegendposBottom:Hn
CRasterHeapLine:ZD
JSCompiler_StaticMethods_Internal_Update_TableMarkup:rY
Ins_SHP:uz
JSCompiler_StaticMethods_Set_TableShd:le
tt_service_gx_multi_masters:yA
_cff_check_points:dC
historyitem_type_DrawingObjects:mQ
historyitem_type_FlowImage:qQ
Ins_SHZ:wz
JSCompiler_StaticMethods_getParentShape:GJ
JSCompiler_StaticMethods_Set_TableFirstRow:LR
numbering_numfmt_Decimal:Qa
c_oAscChartType$bar:ko
fonthint_Default:lS
c_oSerTableTypes$Comments:fZ
FT_GlyphLoader_Adjust_Points:Er
FORMULA_TYPE_PLUS_DIV:FO
STATES_ID_MOVE:aI
c_oAscError$ID$VKeyEncrypt:eba
JSCompiler_StaticMethods_Internal_FindBackward:cg
ps_unicode_value:gt
Ins_SHC:vz
c_oSerWrapThroughTight$WrapText:f2
c_oSerPaddingType$left:bm
c_oAscTableSelectionType$Column:uY
ft_synthesize_vertical_metrics:Zs
Binary_rPrReader:K6
hsvToRgb:Oo
historyitem_type_GrObjects:wG
map_prst_color:wM
tt_cmap13_next:Bw
JSCompiler_StaticMethods_Internal_CalculateTextPr:rb
c_oSerImageType$Type:i1
g_oCellAddressUtils:Bh
c_oSer_OMathBottomNodesType$SupHide:r4
SplineCommandLineTo:WJ
c_oSer_OMathContentType$Row:B5
tt_size_select:SA
shd_Nil:Eb
nSldLtTVertTx:TN
c_oSerPropLenType$Long:Hl
AscBrowser$isAndroid:ga
para_PageNum:QP
c_oSerOtherTableTypes$ImageMap_Src:OZ
c_oSer_OMathContentType$MText:z5
historyitem_MovePoint:IK
JSCompiler_StaticMethods_Recalc_CompileParaPr:BV
para_Drawing:Jc
c_oAscMouseMoveLockedObjectType$Header:qW
COLOR_TYPE_SCHEME:bj
t1_service_kerning:lD
JSCompiler_StaticMethods_Get_Border:WY
CFF_FontRecDictRec:$A
X_Right_Field:we
c_oSerBorderType$Size:Rl
c_oAscServerError$VKeyKeyExpire:hh
JSCompiler_StaticMethods_Set_TableBand2Vert:QR
SplineBezierState33:VJ
styletype_Numbering:DR
DrawScatterChart:ep
JSCompiler_StaticMethods_startAddShape:yG
handleCurrentGroupCursorType:hJ
oldPpi:Y$
CHist_Clip:R7
T1_GlyphSlot_Done:TC
DRAWING_ARRAY_TYPE_BEHIND:NG
VERTICAL_ANCHOR_TYPE_CENTER:zO
c_oSer_OMathArgNodesType$Den:E5
JSCompiler_StaticMethods_Internal_ScaleTableWidth:GY
JSCompiler_StaticMethods__ZeroPad:wi
fntStyleInd_minor:ZK
c_oSer_OMathContentType$SPrePr:s5
JSCompiler_StaticMethods_Set_TableLastCol:OR
CParaInd:uf
PASTE_EMPTY_COUNTER:Ba
linerule_Auto:lb
FT_Stream2:Xj
FT_CFF_SERVICES_GET:wC
CColorMod:hj
GraphicPicture:rU
c_oAscServerError$StorageCreateDir:Qg
JSCompiler_StaticMethods__FormatNumber:ui
c_oSerParType$OMathPara:J0
CTextStyle:NM
PreRotateInGroup:RI
JSCompiler_StaticMethods_Internal_Content_Concat:tV
CGlyphData:VD
JSCompiler_StaticMethods_Cell_Merge:oX
CCacheManager:waa
c_oAscChartSubType$stackedPer:qo
Binary_HdrFtrTableReader:jaa
c_oSer_CommentsType$Date:E2
TT_MaxProfile:ps
c_oSer_ChartLegendType$TxPrPptx:Am
t1_decoder_funcs:Vu
JSCompiler_StaticMethods__Paragraph_Add:Ye
ChangeAdjState:yJ
CCommentData:fR
c_oSerProp_secPrSettingsType$titlePg:z0
c_oSerHdrFtrTypes$HdrFtr_Y:pZ
c_oSer_OMathArgNodesType$Deg:D5
cff_index_get_name:zB
ShapeForResizeInGroup2:SI
CTextPr:$c
historyitem_type_Hyperlink:kQ
c_oSerDocTableType$tblGrid:L0
TT_Round_Up_To_Grid:gy
historyitem_ChangeColorScheme:vG
T1_Driver_Init:YC
ETblStyleOverrideType$tblstyleoverridetypeSeCell:W5
TT_Load_Simple_Glyph:rA
close:yl
LineEndType$Stealth:JM
CFramePr:xS
cff_slot_load:mC
FONT_TYPE_STANDART:xE
c_oSerImageType2$Hidden:x1
WRAP_HIT_TYPE_POINT:LJ
c_oSerRunType$pagebreak:Y0
ChartStyleManager:Yo
ft_standard_glyph_names:$s
phType_ftr:WM
tt_get_metrics_incr_overrides:nA
JSCompiler_StaticMethods_Set_RFonts_HAnsi:rT
c_oSerProp_rPrType$LangEA:v0
c_oSer_MathPrType$PreSp:Z2
cff_services:vC
g_aPunctuation:SS
TT_Table:Ur
g_bIsDocumentCopyPaste:Da
CDrawingObjects:nQ
historyitem_UpadteSpTreeAfter:iM
styletype_Character:ER
numbering_presentationnumfrmt_AlphaLcPeriod:ab
JSCompiler_StaticMethods_Get_Before:$X
c_oSerProp_tblStylePrType$TblPr:p_
JSCompiler_StaticMethods_Internal_CheckAddNumbering:LU
FORMULA_TYPE_AT2:IO
skip_literal_string:nu
EChartBasicTypes$chartbasicPieChart:On
g_stringBase64:V7
CRGBColor:ej
BinaryFileWriter:Ia
ft_recompute_scaled_metrics:uD
c_oSer_OMathContentType$SSupPr:y5
JSCompiler_StaticMethods_Set_TableLayout:be
STATES_ID_GROUP:Vb
asc_ajax:K$
c_oAscError$ID$No:mh
c_oSer_ChartSeriesType$Order:mn
c_oSerNumTypes$lvl_Format:vZ
StartAddTextRect:DG
JSCompiler_StaticMethods_Set_ContentPos:nU
CContextMenuData:G$
c_oSerHdrFtrTypes$HdrFtr_Y2:oZ
STATES_ID_CH_ADJ_IN_GROUP:MF
CVerRuler:Kaa
changestype_Image_Properties:vH
CFF_FDSelectRec:bB
JSCompiler_StaticMethods_Apply:BM
c_oSerProp_tblStylePrType$TcPr:r_
cff_subfont_load:GB
c_oSer_FramePrType$YAlign:C3
c_oSer_OMathContentType$Bar:E4
hdrftr_First:pF
tt_cmap2_char_next:ew
CFF_IndexRec:XA
create_psnames_module:rt
c_oSerConstants$ReadOk:Al
JSCompiler_StaticMethods_parseSeriesHeaders:wp
PolyLineAddState2:cK
FT_SubGlyph:xr
historyrecalctype_Flow:KK
handleSelectedObjectsGroup:NI
g_fontManagerExcel:X$
TYPE_TRACK_GROUP:sM
FmtScheme:kN
c_oSer_CommentsType$Comment:A2
c_oAscServerError$Upload:Yg
ParaText:ic
JSCompiler_StaticMethods_getNewGroupPos:XG
cff_parser_run:nB
changestype_Drawing_Props:od
FormatObjScientific:gi
JSCompiler_StaticMethods_Check_Hyperlink:nV
JSCompiler_StaticMethods_Set_RFonts2:mT
JSCompiler_StaticMethods_setCanvas:xo
TT_OS2:ms
para_PageBreakRendered:OP
JSCompiler_StaticMethods_Set_Height:Sd
c_oAscServerError$TaskQueue:Jg
CSolidFill:Yi
FT_CharMapRec:Hs
asc_CChartSeria:uo
CBodyPr:kk
c_oSerNumTypes$lvl_PStyle:KZ
ParaNewLineRendered:VP
historyitem_SetSizes:qL
ft_mac_names:at
ft_get_adobe_glyph_index:ft
_weight_title:dO
c_oSer_OMathContentType$SSubSup:v5
tt_face_load_hdmx:BA
JSCompiler_StaticMethods_Get_FrameAnchorPara:wV
c_oSer_ChartLegendEntryType$Index:Cm
c_oSer_MathPrType$WrapIndent:b3
JSCompiler_StaticMethods_setExtent:xP
CTableMarkup:MX
nTWTSquare:BO
T1_Open_Face:XC
c_oSerProp_pPrType$Spacing_AfterAuto:T_
CUniColor:Zi
CanPaste:Yc
GX_GVar_Head:bA
sp_string:RS
JSCompiler_StaticMethods_WriteAfter:baa
JSCompiler_StaticMethods_Internal_Content_RemoveAll:Yf
JSCompiler_StaticMethods_RecalcData_Add:JK
PreRotateState:xI
JSCompiler_StaticMethods_Write_Lvl_ToBinary:aW
ParaCollaborativeChangesEnd:uU
asc_CChartRange:op
c_oSerTableTypes$Settings:gZ
c_oSerParType$sectPr:F0
spellCheck:f7
tt_cmap8_char_index:pw
JSCompiler_StaticMethods_Check_UninonLastPoints:vR
para_CollaborativeChangesEnd:PS
c_oSer_OMathContentType$BorderBoxPr:J4
CMatrix:Co
handleInlineHitNoText:II
g_clr_MAX:hN
DefaultShapeDefinition:Jj
historyitem_SetRotate:kL
STATES_ID_MOVE_IN_GROUP:EF
check_MouseDownEvent:E8
rx_ref3D_quoted:th
c_oAscWrapStyle$Flow:VX
JSCompiler_StaticMethods__CalcMaxWidthByCell:gf
CParagraphShd:j$
c_oAscImageUploadProp$SupportedFormats:kh
ft_smooth_render:Xx
RGBToHSL:t7
bIsAndroid:m7
FT_NEXT_ULONG:Jq
c_oAscFill$FILL_TYPE_SOLID:mba
PASTE_EMPTY_COUNTER_MAX:za
numFormat_DecimalFrac:Dh
CorrectUniColor:N$
CCollaborativeChanges:HQ
c_oSer_MathPrType$DispDef:R2
c_oSer_OMathContentType$Rad:o5
c_oSer_OMathContentType$SSubSupPr:w5
_ph_summ_chart_and_tx:gO
ft_glyphslot_free_bitmap:Xs
JSCompiler_StaticMethods__ExecuteTableRow:kf
CPrstColor:aj
GetClientWidth:h9
EChartLegendPos$chartlegendposRight:Gn
JSCompiler_StaticMethods_CommitSpan:wb
c_oSer_ChartSeriesType$Tx:gn
JSCompiler_StaticMethods_setLayout:yd
FileHandler:pg
c_oSer_OMathBottomNodesType$ZeroDesc:w4
CTextFontFamily:o$
cff_face_done:XB
FT_ENCODING_MS_SYMBOL:SD
c_oSer_BasicChartType$BarDerection:$m
c_oSer_ChartLegendLayoutType$XMode:Nm
JSCompiler_StaticMethods_Set_After:Xd
selected_DrawingObject:kH
c_oAscFill$FILL_TYPE_PATT:H9
JSCompiler_StaticMethods_paragraphIncDecIndent:GG
JSCompiler_StaticMethods_default_tt:qy
c_oSer_ChartLegendLayoutType$YMode:Pm
Ins_NROUND:Fz
BULLET_TYPE_BULLET_BLIP:uk
TFontCacheSizes:JD
c_oSer_ChartSeriesNumCacheType$Formula:vn
JSCompiler_StaticMethods_Create_TableGrid:TR
JSCompiler_StaticMethods_AddGuide:K
JSCompiler_StaticMethods_Get_Default_Paragraph:iS
JSCompiler_StaticMethods_documentUpdateInterfaceState:lH
cff_charset_load:DB
TrackTextRect:xJ
GenerateDefaultColorMap:fp
c_oSer_FramePrType$Lines:u3
CalculateCnxLst:WO
gray_hline:Qx
JSCompiler_StaticMethods_Update_Spell_OnChange:BU
c_oSer_OMathContentType$Phant:l5
para_Tab:Ec
c_oSerProp_tblStylePrType$ParPr:o_
JSCompiler_StaticMethods_Get_Default_ParaList:hS
TT_DefRecord:ry
cff_argument_counts:$B
cff_sid_to_glyph_name:KB
CTableRowPr:FR
STATES_ID_PRE_CHANGE_WRAP:UF
historyitem_SetAdjValue:GL
JSCompiler_StaticMethods_Set_BehindDoc:fU
TT_Load_Context:vy
g_tabtype_center:Ml
GradPath:kj
TMetrics:mE
c_oSer_sts$Style_Id:VZ
arrBaseColors:Vo
c_oSerRunType$_LastRun:g1
tt_cmap13_char_map_binary:Cw
CMemory:ml
nSldLtTTxOverObj:QN
JSCompiler_StaticMethods_setRasterImage2:AH
BULLET_TYPE_BULLET_AUTONUM:vk
c_oSer_sts$Style_Name:WZ
c_oSerTableTypes$Signature:$Y
CFF_CharsetRec:ZA
changestype_2_Element_and_Type:gG
ps_tofixedarray:vu
Binary_SettingsTableReader:gaa
c_oAscChartLegend$left:tg
SlideLayout:Pi
JSCompiler_StaticMethods_Supplement_FramePr:yV
FT_PEEK_String1:Kq
FORMULA_TYPE_ABS:HO
sfnt_get_interface:xx
tt_cmap6_char_index:nw
Paragraph:Wb
c_oAscError$ID$ConvertationTimeout:Waa
fontslot_ASCII:VS
TT_RunIns:yy
cff_size_init:PB
JSCompiler_StaticMethods_CopyRow:Hb
handleChartCursorType:XI
phType_obj:ZM
c_oSerParType$Content:D0
JSCompiler_StaticMethods_Set_FontFamily:dT
TT_Goto_CodeRange:By
Base64Encode:el
CBackground:y$
g_clr_MIN:gN
CGrState_State:U7
JSCompiler_StaticMethods__checkCoord:jm
c_oSerImageType2$DistB:t1
c_oSerProp_pPrType$Ind:t_
c_oSerImageType2$DistL:u1
JSCompiler_StaticMethods_Set_Lvl_Numbered_6:Mf
c_oSerImageType2$DistT:w1
JSCompiler_StaticMethods_Set_Lvl_Numbered_5:Jf
JSCompiler_StaticMethods_Set_Lvl_Numbered_8:Lf
c_oSerImageType2$DistR:v1
JSCompiler_StaticMethods_Set_Lvl_Numbered_7:cW
JSCompiler_StaticMethods_Set_Lvl_Numbered_9:Kf
JSCompiler_StaticMethods_setZIndex:tF
g_dKoef_twips_to_mm:zR
Ins_MD:Bz
Ins_SFVTL:nz
ft_outline_glyph_bbox:lr
JSCompiler_StaticMethods_Set_Lvl_Numbered_2:If
oNumFormatCache:Nh
CGs:oj
JSCompiler_StaticMethods_Set_Lvl_Numbered_1:dW
JSCompiler_StaticMethods_Set_TableInd:ke
JSCompiler_StaticMethods_Get_Index_ById:ES
FT_CreateVectorArray:vr
JSCompiler_StaticMethods_Remove_Comment:lR
check_MouseUpEvent:C8
JSCompiler_StaticMethods_handleEvents:q9
STATES_ID_MOVE_CHART_TITLE:$F
JSCompiler_StaticMethods_getTitleType:nP
JSCompiler_StaticMethods_Internal_CompileParaPr:jV
CParagraphTab:k$
STATES_ID_START_ADD_TEXT_RECT:mI
ParaCommentStart:bQ
FT_Outline_New_Internal:er
CellValueType$String:rg
FT_Raster_Params:As
tab_Left:Df
CDocumentColor:Rf
c_oSer_OMathBottomNodesType$Nor:a4
c_oSerImageType2$WrapNone:G1
FT_CFF_SERVICE_PS_INFO_GET:qC
ft_trig_arctan_table:Gx
type_Table:sc
g_anchor_right:R8
_info$$inline_1382:NE
CControlContainer:Gaa
JSCompiler_StaticMethods__ExecuteTablePresentation:$d
historyitem_AutoShapes_RecalculateChartRedo:qG
__len_infos$$inline_1381:ME
Compute_Point_Displacement:fz
FT_Generic:Es
_ph_summ__pic_tx:oO
CTableProp:b$
c_oAscYAlign$Inline:RW
c_oSerImageType2$WrapThrough:I1
c_oAscChartLegend$top:vg
c_oSer_OMathBottomNodesType$EndChr:P3
GUID:dl
JSCompiler_StaticMethods_Internal_CheckBorders:pY
c_oSer_MathPrType$WrapRight:c3
TT_Driver:WA
load_post_names:Hv
TT_GlyphZoneRec:gs
JSCompiler_StaticMethods_Internal_FindForward:kg
JSCompiler_StaticMethods_setZIndex2:vF
c_oAscRelativeFromV$Line:ST
g_sTrackingServiceLocalUrl:Bg
create_cmap_class_rec:Qs
g_sMainServiceLocalUrl:yg
c_oSer_pgSzType$Orientation:s2
MobileTouchMode$Select:J8
cff_get_interface:xC
afm_stream_read_one:Qt
BULLET_TYPE_TYPEFACE_NONE:kl
JSCompiler_StaticMethods_Internal_GetEndPos:Gk
CLn:wj
ReadObjectLong:wo
FT_ENCODING_APPLE_ROMAN:TD
ScrollOverType$ACTIVE:g9
nSldLtTTitle:lN
numbering_presentationnumfrmt_AlphaLcParenR:$a
Load_SBit_Const_Metrics:Kv
t1_done_loader:hD
WriteObjectLong:vo
c_oAscMouseMoveDataTypes$Common:qV
g_sEmpty_bin:d$
Ins_GC:Az
JSCompiler_StaticMethods_paragraphIncDecFontSize:HG
CPage:h8
CPointer:xq
JSCompiler_StaticMethods_getIntersectionPointX:BK
STATES_ID_CHART_TITLE_TEXT:Sb
c_oSerParType$CommentEnd:I0
CTextBody:Ad
heightrule_Auto:uc
c_oSer_ChartLegendEntryType$Delete:Bm
tt_face_load_loca:CA
JSCompiler_StaticMethods_Read_tblpPr:naa
JSCompiler_StaticMethods_Create_Table_Bordered:RR
CFF_Field_Handler:fB
c_oAscWrapStyle2$InFront:aU
c_oSerPropLenType$Variable:Jl
JSCompiler_StaticMethods_Get_AbstractNum:Pa
sfnt_find_encoding:ux
TT_Access_Glyph_Frame:oA
asc_CListType:Vp
JSCompiler_StaticMethods_Check_Merge:rX
TT_CodeRange:sy
c_oSerWrapSquare$EffectExtent:c2
JSCompiler_StaticMethods_ParseItem:vb
tt_cmap4_char_map_linear:jw
c_oSer_OMathArgNodesType$Lim:H5
JSCompiler_StaticMethods_getRectWidth:td
CTextProp:q$
_weight_tbl:cO
g_font_detector:WS
c_oSerRunType$Content:b1
c_oSer_OMathBottomNodesType$BaseJc:G3
CCacheImage:vaa
JSCompiler_StaticMethods_Style_Add:sf
FORMULA_TYPE_CAT2:JO
cff_parse_fixed_scaled:mB
CTableRow:uQ
para_Space:Cc
asc_CChartHeader:np
_ph_summ_four_obj:iO
rgbToHsv:Po
TGlyph:nE
CTableId:fQ
Editor_Paste_Button:Tc
_ph_summ_chart:fO
HitToArc:hP
Ins_SPVTCA:jz
ft_outline_glyph_class:pr
JSCompiler_StaticMethods_Internal_Recalculate_Borders:kY
JSCompiler_StaticMethods_Set_RFonts_EastAsia:pT
CFF_FontRec:dB
getTextString:zp
c_oSer_sts$Style_Type:c_
JSCompiler_StaticMethods_fromShape:NK
CAnchorPosition:wT
JSCompiler_StaticMethods_Document_Redo:eX
gc_nMaxMantissa:Yh
FT_Outline_Get_CBox:mr
BinaryHeaderFooterTableWriter:v6
LoadMobileImages:Daa
selectionflag_Common:NQ
c_oAscAlignV$Inside:QT
c_oSerParType$pPr:C0
c_oAscFileType$INNER:Vaa
FT_Service_MultiMastersRec:iq
JSCompiler_StaticMethods_Clear_Redo:OQ
JSCompiler_StaticMethods_Remove_CommentMarks:jR
c_oSerImageType2$Locked:y1
table_Selection_Cell:ac
CParagraphSearchElement:Y6
CAscColor:L$
JSCompiler_StaticMethods_Internal_Content_Remove2:zU
c_oSerWrapSquare$DistL:Y1
CAscThemeInfo:V$
FT_SFNT_INTERFACE_GET:yx
c_oAscServerError$StorageGetInfo:Rg
WordGroupShapes:dF
c_oSerWrapSquare$DistR:$1
psaux_interface:Wu
c_oSerWrapSquare$DistT:Z1
c_oSer_OMathContentType$Fraction:S4
ft_bitmap_glyph_bbox:cr
break_Line:Me
JSCompiler_StaticMethods_Hue_2_RGB:EM
phType_body:QM
c_oAscFill$FILL_TYPE_NOFILL:lba
c_oSer_BasicChartType$Overlap:bn
JSCompiler_StaticMethods_Set_KeepLines:yf
t1_builder_funcs:yu
cff_size_request:RB
T1_New_Parser:NC
c_oSerWrapSquare$DistB:a2
c_oMainTables$NotesSlides:Yk
ETblStyleOverrideType$tblstyleoverridetypeBand1Vert:N5
tt_face_free_eblc:Nv
c_oSer_ColorType$None:z2
SetSuperRound:cz
ParaHyperlinkStart:Oe
TT_VertHeader:ls
AscBrowser$isMacOs:da
CNumPr:rS
c_oSerPropLenType$Double:Il
NullStateHeaderFooter:kJ
PreMoveChartTitleGroupState:gJ
FontScheme:jN
JSCompiler_StaticMethods_calculateRelToAbs:FK
c_oSerProp_rPrType$FontSize:c0
c_oSer_OMathContentType$SSup:x5
c_oSer_MathPrType$NaryLim:X2
g_anchor_left:P8
tt_face_get_name:mx
StartAddNewShape:EG
JSCompiler_StaticMethods_Continue:vV
tab_Center:xk
c_oSer_OMathContentType$SSub:t5
numFormat_Hour:Ih
JSCompiler_StaticMethods_Row_Remove:mX
CFontFile:HD
tt_face_free_ps_names:Iv
CDocMeta:Qaa
c_oSer_FramePrType$HRule:s3
c_oSer_ChartSeriesNumCacheType$NumCacheVal:xn
_ph_summ__two_obj_and_two_tx:uO
c_oSer_CommentsType$Replies:H2
c_oSer_OMathArgNodesType$OMath:J5
tt_cmap14_init:Iw
c_oAscRelativeFromV$InsideMargin:LT
c_oAscYAlign$Bottom:UW
FT_Request_Size:vD
BULLET_TYPE_COLOR_CLRTX:nk
CLang:nS
tt_cmap0_char_next:bw
WRAPPING_TYPE_TOP_AND_BOTTOM:tK
CTableStylePr:Xi
FT_Outline_EmboldenXY:Ix
FT_Get_Glyph:BD
FT_Multi_Master:Nr
_ph_summ__media_and_tx:jO
TT_GraphicsState:py
TT_SBit_LineMetricsRec:bs
c_oSerProp_pPrType$Shd:G_
CBrush:l7
day:Uh
FT_Outline:ur
Dual_Project:Ny
ArcToCurvers:eP
historyitem_TableId_Add:gQ
JSCompiler_StaticMethods_Set_HighLight:hT
CFF_Decoder_Zone:bC
t1_cmap_std_char_index:cu
JSCompiler_StaticMethods__getComputedStyle:Ed
CDocumentRecalcInfo:HW
JSCompiler_StaticMethods_Read_Lvl_FromBinary:bW
NumComporationOperators$lessorequal:ci
c_oSer_DrawingType$Chart:nm
ChangeWrapContour:SJ
historyitem_RemoveHdr:NH
c_oSer_sts$Style_TblStylePr:k_
_weight_subTitle:bO
tt_service_truetype_glyf:xA
ft_bitmap_glyph_done:br
lastColor:Z$
CBorder:x$
historyitem_Comments_Add:qR
CSpPr:Uj
JSCompiler_StaticMethods_Get_VMerge:mc
c_oSer_OMathBottomNodesType$ObjDist:b4
JSCompiler_StaticMethods_CorrectTo:f8
cToDeg:gK
TT_LoaderRec:hs
EHint$hintEastAsia:m6
historyitem_type_Geometry:$O
ft_var_apply_tuple:gA
JSCompiler_StaticMethods__commit_rPr:Xe
ParaTab:Ne
c_oSerProp_rPrType$Strikeout:Y_
c_oMainTables$Slides:Wk
CTab:q8
FT_DivFix:Wq
Ins_SDPVTL:Iz
JSCompiler_StaticMethods_OnEnd_ResizeInline:oG
handleFloatGroupCursorType:VI
T1_Size_Done:QC
tt_face_done:HA
ParaCollaborativeChangesStart:tU
cff_cmap_encoding_class_rec:JB
EChartBarDerection$chartbardirectionBar:Yn
CParagraphSpacing:i$
ps_get_macintosh_name:ot
numbering_presentationnumfrmt_AlphaUcParenR:bb
WRAPPING_TYPE_SQUARE:sK
CParaPr:BF
WRAPPING_TYPE_TIGHT:vK
DecodeGeneralFormat_Raw:ti
T1_TokenRec:uu
drawChart:Xo
c_oSerProp_secPrType$pgSz:w0
FT_Set_Char_Size:wD
FT_Vector_Transform:Jx
g_clr_accent1:YK
c_oMainTables$SlideLayouts:Vk
JSCompiler_StaticMethods_Internal_UpdateFlowPosition:xY
g_dKoef_mm_to_pt:eb
c_oSerBordersType$top:Ul
dublicate_pointer:yq
JSCompiler_StaticMethods_removeById:KG
c_oAscError$Level$Critical:B9
JSCompiler_StaticMethods_setParagraphIndent:FG
CompareGroups:lG
c_oAscTableSelectionType$Row:tY
documentTitleWithoutExtention:R9
PreChangeAdjState:tI
historyitem_ChangeFill:lL
locktype_Other:SQ
nVertTTvert270:eL
IS_PS_DELIM:Gt
JSCompiler_StaticMethods_setFormat:xi
DRAWING_ARRAY_TYPE_INLINE:OG
JSCompiler_StaticMethods_Set_RFonts_Hint:oT
JSCompiler_StaticMethods_Internal_Get_StartMergedCell2:BY
CAscFillHatch:P$
STATES_ID_ROTATE_IN_GROUP:HF
FT_SqrtFixed:Xq
tt_cmap2_char_index:dw
JSCompiler_StaticMethods__Decide_AddParagraph:We
c_oMainTables$NotesMasters:Xk
c_oAscMouseMoveLockedObjectType$Common:HS
JSCompiler_StaticMethods_updateWidthHeight:gU
afm_parser_next_key:Ut
handleFloatObjectsGroupState:iJ
c_oSerWrapTopBottom$DistT:h2
JSCompiler_StaticMethods_calculateAfterOpen3:mM
c_oSer_CommentsType$UserName:C2
JSCompiler_StaticMethods_CopySlide:ec
c_oSerProp_pPrType$WidowControl:P_
c_oAscContextMenuTypes$Common:fX
ASC_DOCS_API_USE_EMBEDDED_FONTS:pba
T1_Driver_Class:pD
CURSOR_TYPES_BY_CARD_DIRECTION:dq
c_oSerWrapTopBottom$DistB:i2
cff_driver_done:ZB
fontstyle_mask_bold:CE
FT_Face_Internal:Rs
ChartState:sH
compare_kern_pairs:CC
handleFloatObjects:DI
c_oSerNumTypes$NumStyleLink:LZ
tt_cmap14_get_nondef_chars:Vw
__FT_CMapRec:Ns
MIN_ANGLE:rM
JSCompiler_StaticMethods_Internal_Recalculate_CurPos:UU
c_oSer_CommentsType$Solved:G2
afm_parser_read_vals:Tt
JSCompiler_StaticMethods_Add_Page:GW
DocumentPageSize:$9
afm_stream_skip_spaces:Pt
STATES_ID_RESIZE:fI
nSldLtTTxAndMedia:NN
FT_Outline_Translate:kr
handleInlineGroupCursorType:ZI
c_oSer_ChartLegendType$Overlay:xm
JSCompiler_StaticMethods_CheckRectT:A7
JSCompiler_StaticMethods_Internal_CheckMerge:UY
MATRIX_ORDER_APPEND:EH
PS_BlendRec:wt
asc_CParagraphTabs:Qp
FormatObjDecimalFrac:hi
JSCompiler_StaticMethods__Commit_Br:ef
JSCompiler_StaticMethods_Clear_Formatting:bg
moveTo:ol
afm_tokenize:Vt
selectionflag_Numbering:LQ
global_map_bounds_shape:hL
c_oAscWrapStyle$Inline:UX
_arr_lt_types_weight:xO
JSCompiler_StaticMethods_DrawSticks:Lo
JSCompiler_StaticMethods__drawArrow:n9
JSCompiler_StaticMethods_StartFont:sV
STATES_ID_SPLINE_BEZIER:gI
tt_load_sbit_metrics:Uv
c_oSerConstants$ErrorStream:Cl
_strncmp_data:Nq
_isxdigit:st
JSCompiler_StaticMethods_setRasterImage:QL
CAscThemes:W$
_weight_ctrTitle:XN
c_oAscVAnchor$Text:zS
GroupForResize:$L
STATES_ID_PRE_CHANGE_ADJ:VH
cff_Load_Glyph:oC
locktype_Mine:VQ
ft_smooth_get_cbox:Zx
c_oSerProp_rPrType$Spacing:i0
CellAddress:hm
FT_PEEK_SHORT:Bq
c_oSer_ChartSeriesNumCacheType$NumCache2:zn
nSldLtTObj:mN
TT_Round_To_Half_Grid:dy
Ins_PUSHB:Jz
MetaBrushType$Solid:X7
JSCompiler_StaticMethods_Set_Next:YR
JSCompiler_StaticMethods_Get_Layout:oU
Ins_PUSHW:Kz
JSCompiler_StaticMethods_InitRun:qb
JSCompiler_StaticMethods_Search_Select:a7
FT_Size_RequestRec:Pr
CDocumentContent:qd
JSCompiler_StaticMethods_Set_CurHdrFtr_ById:MQ
JSCompiler_StaticMethods_Select:$6
g_sErrorCharCountMessage:n6
c_oAscAsyncActionType$Information:v9
nSldLtTTwoObjAndTx:IN
FormatObjDateVal:ii
c_oSerTableTypes$Other:eZ
asc_CChartStyle:bp
JSCompiler_StaticMethods__AddDigItem:vi
NullState:bF
EChartBarGrouping$chartbargroupingStacked:bo
ETblStyleOverrideType$tblstyleoverridetypeFirstRow:R5
c_oAscServerError$UploadContentLength:bh
c_oAscServerError$VKeyUserCountExceed:ih
ft_extra_glyph_unicodes:jt
FT_CMap_New:tx
c_oSer_OMathContentType$MPr:f5
EChartBasicTypes$chartbasicBarChart:Jn
gray_render_line:Cx
TT_Driver_Class:UA
_weight_chart:VN
tt_cmap4_set_range:hw
JSCompiler_StaticMethods_Reset_ElementsWithCurPos:e7
c_oSer_OMathArgNodesType$Element:F5
CDrawingContextWord:Uo
clonePrototype:UO
JSCompiler_StaticMethods_Row_Add:kX
c_oSer_StyleType$Character:I2
tt_cmap4_char_map_binary:kw
cff_index_done:wB
hdrftr_Header:iF
FT_MM_Var:Mr
c_oMainTables$App:Ok
c_oSer_OMathBottomNodesType$RSpRule:g4
JSCompiler_StaticMethods_Document_AddHdrFtr:vX
c_oSerHdrFtrTypes$HdrFtr_Content:nZ
c_oSerImageType$Width:j1
handleFloatShapeImage:yI
JSCompiler_StaticMethods_Internal_Get_NumberingTextPr:LV
CSpan:$8
LineEndSize$Large:LM
c_oSerProp_pPrType$Tab_Item_Pos:J_
c_oSer_OMathContentType$Delimiter:O4
JSCompiler_StaticMethods_parse_para_TextPr:sb
JSCompiler_StaticMethods_Set_XYForAdd:eH
c_oSerImageType2$SimplePos:F1
FT_BitmapGlyphRec:qr
historyitem_type_WrapPolygon:qK
nSldLtTVertTitleAndTx:RN
global_MatrixTransformer:V
CreateControlContainer:T8
c_oSerImageType2$BehindDoc:s1
CClipManager:i7
changestype_Document_SectPr:YQ
FORMULA_TYPE_SAT2:OO
TT_Clear_CodeRange:Ay
STATES_ID_CHART_TITLE_TEXT_GROUP:Tb
JSCompiler_StaticMethods_updateSpTree:hM
CFF_Builder:aC
historyitem_type_Paragraph:iQ
LineEndType$Triangle:KM
c_oAscRelativeFromH$Margin:HT
BinaryCommentsTableWriter:s6
tt_slot_init:LA
c_oSer_ChartSeriesNumCacheType$NumCacheIndex:yn
c_oSer_ChartSeriesType$Index:ln
JSCompiler_StaticMethods_Update_OnRemove:CU
JSCompiler_StaticMethods_pointInSelectedObject:QG
c_dScalePPTXSizes:Ci
nSldLtTPicTx:BN
T1_Face_Init:WC
CFontSetup:o7
para_NewLine:Fc
JSCompiler_StaticMethods_CheckTargetUpdate:CX
MoveTrackInGroup:cJ
JSCompiler_StaticMethods_Create_Default_Multilevel_3:fW
JSCompiler_StaticMethods_Create_Default_Multilevel_2:gW
JSCompiler_StaticMethods_Create_Default_Multilevel_1:hW
c_oAscVertAlignJc$Bottom:SX
c_oSerHdrFtrTypes$Header:iZ
contentchanges_Remove:cR
t1_services:mD
JSCompiler_StaticMethods__scrollH:p9
FT_Lookup_Renderer:CD
c_oSer_MathPrType$InterSp:S2
JSCompiler_StaticMethods_Update_CellInfo:EY
CTablePropLook:YX
JSCompiler_StaticMethods__scrollV:o9
create_t1_field:Mu
JSCompiler_StaticMethods_setSelectionState:pH
g_oTextMeasurer:tT
FT_Bitmap_Copy:$q
c_oAscAlignH$Inside:zT
tt_cmap12_init:uw
c_oSer_OMathBottomNodesValType$AlnAt:A4
c_oSer_OMathContentType$Mr:g5
c_oSerBordersType$between:Zl
tt_face_init:GA
getMinValueArray:ip
c_oSer_OMathContentType$Mc:c5
JSCompiler_StaticMethods_Get_After:aY
JSCompiler_StaticMethods_Internal_FindWordStart:HV
JSCompiler_StaticMethods_Internal_UpdatePages:IS
CParagraphFrame:m$
JSCompiler_StaticMethods_ReadBefore:kaa
CPaddings:Dp
c_oSer_CommentsType$Text:F2
_canvas_tables:d8
historyitem_type_FlowObjects:oQ
ft_adobe_glyph_list:et
phType_sldNum:aN
c_oSerProp_rPrType$SmallCaps:l0
STATES_ID_PRE_RESIZE_IN_GROUP:KF
c_oSer_ClrSchemeMappingType$Hyperlink:m3
CBounds:O8
FT_Stream:vq
c_oSerProp_pPrType$Spacing_BeforeAuto:S_
TRaster:Lx
cff_index_init:vB
c_oSer_CommentsType$UserId:D2
JSCompiler_StaticMethods_AddRoundRect:y7
JSCompiler_StaticMethods__BordersToStyle:pb
FONT_TYPE_ADDITIONAL_CUT:zE
ParaNewLine:Le
FT_Set_Transform:FD
CAscTableStyle:w8
cff_parse_fixed:lB
TT_CMapRec:Xv
CParaLineRange:PV
DecodeBase64:YE
recalcresult2_NextPage:iL
_fakeHeaders:rba
JSCompiler_StaticMethods_Internal_CheckPunctuationBreak:h7
c_oSer_ClrSchemeMappingType$FollowedHyperlink:l3
c_oSer_OMathContentType$Box:K4
CParaLine:FU
JSCompiler_StaticMethods_Internal_Copy_Grid:NX
tt_face_load_charmap_stub:ex
JSCompiler_StaticMethods_Get_ParaPr:eS
c_oSer_OMathContentType$Brk:M4
FT_Glyph_Get_CBox:AD
TT_CMap14Rec:Fw
g_tabtype_left:Kl
c_oSerTableTypes$Document:dZ
ft_sid_names:bt
Sort_Ranges_X0:CS
historyitem_TableId_Reset:hQ
historyitem_type_Comment:DQ
T1_Decoder_ZoneRec:Ru
L 102:bq
L 101:aq
JSCompiler_StaticMethods_Set_BasedOn:ZR
L 100:Gm
historyitem_UpdateWrapSizes:EK
CColorModifiers:AM
tblwidth_Auto:BR
c_oSerNumTypes$lvl_TextPr:FZ
historyitem_ChangeDiagram2:RL
heightrule_Exact:CR
ShapeForResizeInGroup:nM
JSCompiler_StaticMethods_Set_UnhideWhenUsed:UR
L 111:cq
L 110:xl
L 113:Av
L 112:zv
bIsSupportOriginalFormatFonts:sE
L 103:mi
CAutoshapeTrack:F7
L 104:us
L 105:Hm
historyitem_AddToSpTree:jM
L 106:Wf
L 107:vs
L 108:Ck
L 109:wl
FT_Service_PsFontNameRec:kq
vertalign_SubScript:Qc
TT_MulFix14:gz
JSCompiler_StaticMethods_addWrapPolygon:kU
historyitem_type_HdrFtr:zQ
FORMULA_TYPE_TAN:RO
JSCompiler_StaticMethods_InsertInDocument:dd
TT_CMap12Rec:tw
AFM_GETC:Ot
UniNvPr:ak
afm_parse_track_kern:Xt
gc_nMaxDigCount:Wh
PolyLine:bK
JSCompiler_StaticMethods_Set_Tabs:Ef
fontstyle_mask_bolditalic:EE
historyitem_ChangePresetGeom:pL
JSCompiler_StaticMethods_getSelectedTitle:dG
JSCompiler_StaticMethods_RGBToCSS:ob
c_oSer_ChartCatAxType$MajorGridlines:Um
c_oSerProp_pPrType$contextualSpacing:s_
t1_builder_done:zu
c_oAscWrapStyle2$Behind:$T
c_oSerProp_rPrType$FontSizeCs:q0
ClrScheme:xG
c_oAscDropCap$Margin:oba
tab_Right:Dk
c_oAscAlignV$Top:RT
EChartBarGrouping$chartbargroupingPercentStacked:ao
JSCompiler_StaticMethods_Style_Get:La
nSldLtTBlank:oN
JSCompiler_StaticMethods__recalculate:im
c_oSer_ChartCatAxType$AxPos:Wm
JSCompiler_StaticMethods_SetTextClipRect:raa
ft_smooth_set_mode:$x
TT_Size_Metrics:uy
lastResult:$$
FT_Outline_Decompose:Fx
tt_face_load_sbit_image:Wv
ft_smooth_transform:Yx
Binary_OtherTableReader:eaa
CBulletType:sk
TABLE_STYLE_WIDTH_PIX:t8
numbering_suff_Tab:NU
CBlipFill:Ie
JSCompiler_StaticMethods_Internal_Get_ParaPos_By_Pos:eV
JSCompiler_StaticMethods__setDimension:s9
ChangeAdjInGroup:HJ
CMouseEventHandler:aX
STATES_ID_START_TRACK_NEW_SHAPE:cI
c_oSerNumTypes$lvl_Restart:BZ
TWorker:Mx
ETblStyleOverrideType$tblstyleoverridetypeLastCol:S5
numFormat_Day:Jh
JSCompiler_StaticMethods_Get_TableOffsetCorrection:LS
CAscFillGrad:Q$
Read_CVT:Rz
nSldLtTDgm:tN
FT_PEEK_ULONG:Hq
para_PresentationNumbering:TP
FlowTable:yQ
JSCompiler_StaticMethods_Reset_SavedPosition:pU
WordShape:bd
_t1_parse_dict:fD
JSCompiler_StaticMethods_WriteCellPr:D6
CSld:zj
c_oSer_FramePrType$DropCap:p3
CBuilderImages:Gi
T1_GlyphSlot_Init:UC
JSCompiler_StaticMethods_Statistics_OnPage:EW
JSCompiler_StaticMethods_Internal_OnContentRecalculate:zY
FormatObjBracket:oi
BULLET_TYPE_SIZE_TX:pk
EChartLegendPos$chartlegendposLeft:En
FT_Render_Glyph:ED
c_oSerHdrFtrTypes$HdrFtr_Even:lZ
c_oAscYAlign$Top:TW
tt_face_set_sbit_strike_stub:bx
_t1_read_binary_data:eD
c_oSerImageType2$Extent:C1
COLOR_TYPE_SYS:fj
STATES_ID_PRE_MOVE_CHART_TITLE:ZF
EChartBasicTypes$chartbasicAreaChart:Nn
Ins_IUP:tz
c_oSer_MathPrType$RMargin:$2
JSCompiler_StaticMethods_CheckOnScroll:Oaa
linerule_Exact:nb
CFF_CMapStdRec:IB
EGlyphState$glyphstateMiss:LD
CParaTab:Af
dayShort:Vh
Binary_NumberingTableReader:haa
JSCompiler_StaticMethods_isSelectedText:hH
JSCompiler_StaticMethods_Set_FramePr:zV
JSCompiler_StaticMethods_Internal_Selection_UpdateCells:$W
tt_cmap14_char_next:Kw
c_oSer_sts$Style_ParaPr:$Z
historyitem_type_Image:UL
c_oAscVAnchor$Margin:WW
c_oAscError$ID$SplitCellMaxRows:QY
CShapeStyle:Rj
Get_Interface:nD
postLoadScript:uE
c_oAscAsyncAction$UploadImage:y9
IS_PS_TOKEN:Ht
c_oMainTables$SlideMasters:Uk
SPH_TweakRule:my
PS_TableRec:Ku
drawing_Anchor:aH
c_oSerImageType2$WrapTight:J1
CTableOutline:qY
ft_stub_set_pixel_sizes:Qr
c_oSerProp_rPrType$Color:d0
afm_compare_kern_pairs:Yt
T1_ParserRec:KC
PolyLineAddState:AG
LineEndSize$Small:MM
g_mouse_button_left:iX
c_oSerShdType$Color:am
c_oSer_MathPrType$PostSp:Y2
_global_layout_summs_array:yO
pscmaps_interface:qt
c_oSerOtherTableTypes$ImageMap:NZ
hdrftr_Footer:kF
c_oSerProp_rPrType$Caps:k0
tt_face_load_directory_stub:Zw
comment_type_Common:gR
t1_builder_init:xu
EChartBasicTypes$chartbasicStockChart:Tn
JSCompiler_StaticMethods_getSpTree2:Xf
c_oAscRelativeFromH$Character:xT
PS_UniMap:mq
FT_Get_Next_Char:xD
JSCompiler_StaticMethods_CopyDocument:Ib
CParaDrawingRangeLines:VU
FT_CFF_SERVICE_GLYPH_DICT_GET:rC
c_oSerWrapThroughTight$DistL:d2
Binary_ChartReader:Yj
c_oSer_OMathBottomNodesType$Transp:s4
CompareUniFill:WL
JSCompiler_StaticMethods_endCommand:Z7
AscBrowser$isAppleDevices:fa
CParaTabs:zf
c_oAscYAlign$Outside:SW
c_oSerWrapThroughTight$DistR:e2
JSCompiler_StaticMethods_Internal_MoveCursorForward:dV
_getFullImageSrc:ZE
c_oSerNumTypes$Lvl:uZ
c_oSer_ChartTitlePptxType$TxPrPptx:vm
tx1:fN
numFormat_Year:Hh
CWrapManager:TH
JSCompiler_StaticMethods__MouseHoverOnArrowDown:k9
historyitem_AutoShapes_SetChartGroup:zP
BDF_PropertyRec:bv
isObject:jp
c_oSerPropLenType$Short:Fl
nSldLtTVertTitleAndTxOverChart:SN
t1_service_multi_masters:jD
APPROXIMATE_EPSILON:yK
c_oSerNumTypes$lvl_Jc:wZ
search_HdrFtr_Odd:zW
JSCompiler_StaticMethods_Internal_CorrectAnchorPos:mV
SignType$Null:Qh
JSCompiler_StaticMethods_Get_Format:jW
c_oSerNumTypes$AbstractNum_Id:sZ
phType_ctrTitle:TM
JSCompiler_StaticMethods_Internal_SaveTableGridInHistory:FY
tt_face_get_metrics:Ev
c_oSer_OMathContentType$GroupChr:W4
FT_CFF_SERVICE_CID_INFO_GET:uC
BULLET_TYPE_SIZE_PTS:il
c_oSerProp_rPrType$VertAlign:e0
CDocInfoProp:v$
FILL_TYPE_BLIP:lj
Instruct_Dispatch:Nz
JSCompiler_StaticMethods_setFont:zo
para_CommentStart:RP
nSldLtTTx:nN
c_oSerProp_pPrType$Tab:H_
historyitem_CreatePolyine:QK
tt_cmap12_char_map_binary:ww
tt_face_load_post:tv
JSCompiler_StaticMethods_Set_RFonts_Ascii:sT
JSCompiler_StaticMethods_insertInPlace2:pd
styletype_Paragraph:mP
JSCompiler_StaticMethods_Document_RemoveHdrFtr:uX
asc_CTexture:Kp
JSCompiler_StaticMethods_Update_Size:FH
c_oSer_sts$Style_TextPr:ZZ
CParagraphPropEx:p$
EWmlColorSchemeIndex$wmlcolorschemeindexAccent6:d6
EWmlColorSchemeIndex$wmlcolorschemeindexAccent5:c6
EWmlColorSchemeIndex$wmlcolorschemeindexAccent4:b6
CVerRulerRepaintChecker:Iaa
EWmlColorSchemeIndex$wmlcolorschemeindexAccent3:a6
EWmlColorSchemeIndex$wmlcolorschemeindexAccent2:$5
EWmlColorSchemeIndex$wmlcolorschemeindexAccent1:Z5
CFF_Decoder:cC
tt_face_load_generic_header:lv
ft_outline_funcs_gray:Ex
JSCompiler_StaticMethods_Create_NewHistoryPoint:ng
ParaHyperlinkEnd:Re
historyitem_AddNewPoint:HK
pararecalc_0_None:NV
L 39:Zg
L 38:Od
historyitem_SetTextBoxContent:KL
L 37:Md
locktype_None:PQ
PS_PrivateRec:ut
L 32:gb
L 31:Na
cff_standard_encoding:sB
L 30:va
JSCompiler_StaticMethods__ExecutePresentation:Bd
L 36:Dc
L 35:cb
L 34:Sa
FT_Data:Ds
L 33:Aa
g_oLcidIdToNameMap:G6
FT_Service_PsInfoRec:nq
historyitem_RemoveFtr:OH
CHistory:tR
historyitem_SetVerticalShapeAlign:fL
tt_services:zA
RULER_OBJECT_TYPE_PARAGRAPH:n8
TT_LongMetricsRec:Vr
L 27:U
L 26:W
L 29:ra
L 28:ka
ParaPageBreakRenderer:XP
sfnt_load_face:rx
numbering_numfmt_LowerLetter:Ua
arcTo:sl
nSldLtTChartAndTx:qN
c_oSer_OMathArgNodesType$Num:I5
L 21:M
L 20:L
L 23:Q
L 22:O
AscBrowser$isGecko:ia
c_oSerSimplePos$Y:X1
L 25:Z
c_oSerSimplePos$X:W1
L 24:P
L 50:vv
JSCompiler_StaticMethods_Get_LineDropCapWidth:XU
tt_size_reset:RA
recalcresult_PrevPage:SU
LineEndType$None:GM
JSCompiler_StaticMethods_Clear_Additional:wR
rx_array:vh
CParagraphAndTextProp:r$
JSCompiler_StaticMethods_Set_CellInfo:LY
CDocOpenProgress:T9
c_oSerProp_pPrType$PageBreakBefore:A_
StartAddNewArrow:CG
tt_face_load_bhed:nv
TRACK_CIRCLE_RADIUS:tL
AscBrowser$isWebkit:ma
T1_Loader:$C
handleInlineObjects:KI
L 59:Ud
nSldLtTClipArtAndTx:rN
L 58:wv
L 57:Ui
L 56:$g
L 55:Xp
L 54:qs
L 53:Te
L 52:Fh
L 51:ae
FT_TT_SERVICES_GET:AA
TextAddInChartTitleGroup:uG
Binary_tblPrReader:M6
FT_Memory:zq
orientation_Portrait:sW
tt_get_kerning:NA
JSCompiler_StaticMethods_Internal_CalculateAutoSpacing:hV
FontStyle$FontStyleRegular:gE
Binary_tblPrWriter:y6
GX_BlendRec:$z
rgCols:ph
L 49:yk
L 48:Ti
JSCompiler_StaticMethods_Set_TextPr:aS
L 45:Mb
L 44:Dg
L 47:Se
L 46:yb
L 41:Ri
TT_Post_NamesRec:es
ft_bitmap_glyph_init:Yq
JSCompiler_StaticMethods__read_rPr:Ae
L 40:Ee
L 43:re
HSLToRGB:u7
L 42:Si
changestype_Paragraph_Content:hG
nbsp_string:QS
tt_face_load_cmap:rv
drawing_Inline:uT
PathAccumulator:dP
ParaFlowObjectAnchor:aQ
JSCompiler_StaticMethods_addToSpTree:Vj
_ph_summ_dgm:hO
JSCompiler_StaticMethods_BeginPage:b8
BULLET_TYPE_TYPEFACE_TX:ll
tt_cmap14_get_def_chars:Uw
JSCompiler_StaticMethods_Internal_UpdateCellW:IY
JSCompiler_StaticMethods_CopyPr_Open:ig
FormatObj:fi
read_pfb_tag:LC
Direct_Move_Orig_X:Ry
_weight_dgm:YN
Direct_Move_Orig_Y:Ty
CApp:Ki
FT_Set_Charmap:EC
c_oMainTables$FontMap:bl
cff_size_done:OB
c_oMainTables$Main:Nk
ShapeForRotateInGroup:QI
JSCompiler_StaticMethods_CreatePlaces:$D
historyitem_SetDocContent:KP
JSCompiler_StaticMethods_Set_TablePr:KR
c_oSerBorderType$Color:Pl
BinaryCommonWriter:Ol
c_oSerProp_tblStylePrType$RunPr:n_
FT_Grays_Raster:Ux
L 13:y
temp1:Rq
L 14:z
EWmlColorSchemeIndex$wmlcolorschemeindexHyperlink:h6
temp2:Tq
L 11:w
L 12:x
global_mouseEvent:X
ETblStyleOverrideType$tblstyleoverridetypeFirstCol:Q5
t1_lookup_glyph_by_stdcharcode:Hu
L 10:t
historyitem_type_GroupShapes:kM
L 19:I
T1_Driver:qD
L 17:C
L 18:H
L 15:B
L 16:A
EChartBasicTypes$chartbasicBar3DChart:Kn
c_oAscChartLegend$bottom:wg
JSCompiler_StaticMethods__reset:xh
CDefaultFont:fE
Round_Down_To_Grid:Yy
CGraphicPage:SH
JSCompiler_StaticMethods_Internal_GetVertMergeCount:vc
_ph_summ__obj_and_tx:mO
FORMULA_TYPE_SIN:PO
c_oSerImageType2$PositionH:D1
c_oSerImageType2$WrapTopAndBottom:K1
historyitem_type_Chart:wP
JSCompiler_StaticMethods__AddNextPrevToContent:kd
c_oSerEffectExtent$Bottom:Q1
JSCompiler_StaticMethods_Set_UiPriority:IR
historyitem_type_TextBody:IP
ValidateUploadImage:lh
c_oSerImageType2$PositionV:E1
tt_loader_init:tA
CRFonts:BP
ps_parser_funcs:Uu
GradLin:jj
vertalign_SuperScript:Pc
tt_face_get_kerning:gv
JSCompiler_StaticMethods_Get_CellsCount:nc
c_oAscServerError$StorageFileNoFound:Mg
c_oAscDropCap$Drop:AV
CTablePositionV:A$
historyitem_type_Shape:LL
RulerCorrectPosition:V8
c_oSerNumTypes$lvl_LvlTextItemText:zZ
c_oSerPropLenType$Null:Dl
comment_type_HdrFtr:hR
c_oSerProp_tblStylePrType$Type:m_
CPoint2:lE
CPoint1:kE
_ph_summ__obj_only:nO
Ins_DELTAP:Gz
global_hatch_data:taa
ft_var_load_gvar:fA
JSCompiler_StaticMethods_SetProp:Mc
c_oSerBordersType$bottom:Wl
RotateState:AJ
locktype_Other2:aR
locktype_Other3:RQ
JSCompiler_StaticMethods_AddChar:sU
JSCompiler_StaticMethods_Internal_CopyLvl:ZV
Ins_DELTAC:Hz
FontStyle$FontStyleBoldItalic:jE
CFontsCharMap:X6
PASTE_ELEMENT_ID:wa
TT_Round_Down_To_Grid:hy
SafariIntervalFocus:lg
CEditorPage:Laa
numbering_numfmt_UpperRoman:Ta
CTablePositionH:z$
search_HdrFtr_First:xW
c_oSerParType$Table:E0
ETblStyleOverrideType$tblstyleoverridetypeWholeTable:Y5
CFF_EncodingRec:YA
JSCompiler_StaticMethods_AddRectDashClever:G7
c_oAscXAlign$Inside:OW
JSCompiler_StaticMethods_Set_Before:Wd
TT_Face:Yz
CTrackNewObject2:sJ
BinarySettingsTableWriter:r6
L 73:Mj
L 74:Zp
JSCompiler_StaticMethods__draw:t9
Int64:Pq
L 75:go
JSCompiler_StaticMethods_rebuildSeries:up
L 76:Nj
_ph_summ__sec_head:pO
L 77:vl
L 78:zk
t1_args_count:Gu
L 79:Ve
CHorRulerRepaintChecker:Haa
g_spellCheckLanguages:og
c_oSerRunType$linebreak:Z0
numbering_presentationnumfrmt_ArabicPeriod:Wa
asc_CParagraphProperty:Lp
TT_Forget_Glyph_Frame:pA
gray_record_cell:Ax
JSCompiler_StaticMethods_updateCharts:wF
c_oSerExtent$Cx:R1
c_oSerExtent$Cy:S1
L 70:Bf
FT_PEEK_USHORT:Dq
L 72:ul
L 71:xv
L 64:Lj
L 65:Nc
L 62:tl
c_oSer_SettingsType$ClrSchemeMapping:M2
CUniFill:He
L 63:ki
BULLET_TYPE_TYPEFACE_BUFONT:rk
L 68:Yp
TRACK_DISTANCE_ROTATE2:v7
L 69:Fm
c_oSerProp_rPrType$LangBidi:u0
Ins_MSIRP:xz
L 66:ie
L 67:Ue
JSCompiler_StaticMethods_getSrc:Nb
FontProperties:yo
JSCompiler_StaticMethods_Internal_UpdateParagraphState:d7
c_oSer_OMathContentType$EqArrPr:R4
L 61:Hc
L 60:Gh
c_oSer_ColorType$Auto:gm
L 99:$p
ret$$inline_777:av
L 95:li
L 96:Pj
JSCompiler_StaticMethods_Set_TableBorder_Top:ne
L 97:Qj
L 98:ts
c_oSer_ChartCatAxType$Title:Tm
_parser_funcs$$inline_771:Xu
STATES_ID_PRE_RESIZE:ZH
c_oSerImageType2$WrapSquare:H1
c_oSer_OMathBottomNodesType$Lit:X3
ParaPresentationNumbering:dQ
SPH_ScaleRule:ny
L 92:ho
c_oSer_OMathBottomNodesType$Chr:K3
L 91:yv
L 94:Cf
nSldLtTObjTx:AN
L 93:ss
JSCompiler_StaticMethods_Document_UpdateUndoRedoState:QQ
FT_RoundFix:Oq
CFontFileLoader:vE
L 90:Eg
tt_name_entry_ascii_from_utf16:nx
Editor_Copy_GetElem:Ea
L 88:ah
c_oSer_OMathBottomNodesType$MJc:V3
L 89:Bk
L 86:rs
CHART_TITLE_TYPE_V_AXIS:qP
L 87:Oj
L 84:se
CFlowParagraph:NS
L 85:te
tt_size_request:PA
c_oSer_OMathContentType:C5
c_oSerOtherTableTypes$DocxTheme:QZ
g_bIsAppleDevices:UD
c_oSerParType$Run:G0
c_oSerRunType$tab:W0
c_oEditorId$Speadsheet:qa
c_oSer_BasicChartType$Series:cn
L 83:mb
L 82:Wc
c_oSerPropLenType$Byte:El
L 81:lf
CGeometry:PK
tt_cmap2_get_subheader:cw
L 80:Ak
JSCompiler_StaticMethods_GoTo_Text:zF
